Archive member included to satisfy reference by file (symbol)

/opt/ST/STM32CubeCLT_1.16.0/GNU-tools-for-STM32/bin/../lib/gcc/arm-none-eabi/12.3.1/../../../../arm-none-eabi/lib/thumb/v7e-m+dp/hard/libc_nano.a(libc_a-exit.o)
                              /opt/ST/STM32CubeCLT_1.16.0/GNU-tools-for-STM32/bin/../lib/gcc/arm-none-eabi/12.3.1/../../../../arm-none-eabi/lib/thumb/v7e-m+dp/hard/crt0.o (exit)
/opt/ST/STM32CubeCLT_1.16.0/GNU-tools-for-STM32/bin/../lib/gcc/arm-none-eabi/12.3.1/../../../../arm-none-eabi/lib/thumb/v7e-m+dp/hard/libc_nano.a(libc_a-findfp.o)
                              /opt/ST/STM32CubeCLT_1.16.0/GNU-tools-for-STM32/bin/../lib/gcc/arm-none-eabi/12.3.1/../../../../arm-none-eabi/lib/thumb/v7e-m+dp/hard/libc_nano.a(libc_a-exit.o) (__stdio_exit_handler)
/opt/ST/STM32CubeCLT_1.16.0/GNU-tools-for-STM32/bin/../lib/gcc/arm-none-eabi/12.3.1/../../../../arm-none-eabi/lib/thumb/v7e-m+dp/hard/libc_nano.a(libc_a-fwalk.o)
                              /opt/ST/STM32CubeCLT_1.16.0/GNU-tools-for-STM32/bin/../lib/gcc/arm-none-eabi/12.3.1/../../../../arm-none-eabi/lib/thumb/v7e-m+dp/hard/libc_nano.a(libc_a-findfp.o) (_fwalk_sglue)
/opt/ST/STM32CubeCLT_1.16.0/GNU-tools-for-STM32/bin/../lib/gcc/arm-none-eabi/12.3.1/../../../../arm-none-eabi/lib/thumb/v7e-m+dp/hard/libc_nano.a(libc_a-memset.o)
                              /opt/ST/STM32CubeCLT_1.16.0/GNU-tools-for-STM32/bin/../lib/gcc/arm-none-eabi/12.3.1/../../../../arm-none-eabi/lib/thumb/v7e-m+dp/hard/crt0.o (memset)
/opt/ST/STM32CubeCLT_1.16.0/GNU-tools-for-STM32/bin/../lib/gcc/arm-none-eabi/12.3.1/../../../../arm-none-eabi/lib/thumb/v7e-m+dp/hard/libc_nano.a(libc_a-impure.o)
                              /opt/ST/STM32CubeCLT_1.16.0/GNU-tools-for-STM32/bin/../lib/gcc/arm-none-eabi/12.3.1/../../../../arm-none-eabi/lib/thumb/v7e-m+dp/hard/libc_nano.a(libc_a-findfp.o) (_impure_data)
/opt/ST/STM32CubeCLT_1.16.0/GNU-tools-for-STM32/bin/../lib/gcc/arm-none-eabi/12.3.1/../../../../arm-none-eabi/lib/thumb/v7e-m+dp/hard/libc_nano.a(libc_a-init.o)
                              /opt/ST/STM32CubeCLT_1.16.0/GNU-tools-for-STM32/bin/../lib/gcc/arm-none-eabi/12.3.1/../../../../arm-none-eabi/lib/thumb/v7e-m+dp/hard/crt0.o (__libc_init_array)
/opt/ST/STM32CubeCLT_1.16.0/GNU-tools-for-STM32/bin/../lib/gcc/arm-none-eabi/12.3.1/../../../../arm-none-eabi/lib/thumb/v7e-m+dp/hard/libc_nano.a(libc_a-lock.o)
                              /opt/ST/STM32CubeCLT_1.16.0/GNU-tools-for-STM32/bin/../lib/gcc/arm-none-eabi/12.3.1/../../../../arm-none-eabi/lib/thumb/v7e-m+dp/hard/libc_nano.a(libc_a-findfp.o) (__retarget_lock_init_recursive)
/opt/ST/STM32CubeCLT_1.16.0/GNU-tools-for-STM32/bin/../lib/gcc/arm-none-eabi/12.3.1/../../../../arm-none-eabi/lib/thumb/v7e-m+dp/hard/libc_nano.a(libc_a-mallocr.o)
                              /opt/ST/STM32CubeCLT_1.16.0/GNU-tools-for-STM32/bin/../lib/gcc/arm-none-eabi/12.3.1/../../../../arm-none-eabi/lib/thumb/v7e-m+dp/hard/libc_nano.a(libc_a-findfp.o) (_malloc_r)
/opt/ST/STM32CubeCLT_1.16.0/GNU-tools-for-STM32/bin/../lib/gcc/arm-none-eabi/12.3.1/../../../../arm-none-eabi/lib/thumb/v7e-m+dp/hard/libc_nano.a(libc_a-fflush.o)
                              /opt/ST/STM32CubeCLT_1.16.0/GNU-tools-for-STM32/bin/../lib/gcc/arm-none-eabi/12.3.1/../../../../arm-none-eabi/lib/thumb/v7e-m+dp/hard/libc_nano.a(libc_a-findfp.o) (_fflush_r)
/opt/ST/STM32CubeCLT_1.16.0/GNU-tools-for-STM32/bin/../lib/gcc/arm-none-eabi/12.3.1/../../../../arm-none-eabi/lib/thumb/v7e-m+dp/hard/libc_nano.a(libc_a-mlock.o)
                              /opt/ST/STM32CubeCLT_1.16.0/GNU-tools-for-STM32/bin/../lib/gcc/arm-none-eabi/12.3.1/../../../../arm-none-eabi/lib/thumb/v7e-m+dp/hard/libc_nano.a(libc_a-mallocr.o) (__malloc_lock)
/opt/ST/STM32CubeCLT_1.16.0/GNU-tools-for-STM32/bin/../lib/gcc/arm-none-eabi/12.3.1/../../../../arm-none-eabi/lib/thumb/v7e-m+dp/hard/libc_nano.a(libc_a-stdio.o)
                              /opt/ST/STM32CubeCLT_1.16.0/GNU-tools-for-STM32/bin/../lib/gcc/arm-none-eabi/12.3.1/../../../../arm-none-eabi/lib/thumb/v7e-m+dp/hard/libc_nano.a(libc_a-findfp.o) (__sread)
/opt/ST/STM32CubeCLT_1.16.0/GNU-tools-for-STM32/bin/../lib/gcc/arm-none-eabi/12.3.1/../../../../arm-none-eabi/lib/thumb/v7e-m+dp/hard/libc_nano.a(libc_a-closer.o)
                              /opt/ST/STM32CubeCLT_1.16.0/GNU-tools-for-STM32/bin/../lib/gcc/arm-none-eabi/12.3.1/../../../../arm-none-eabi/lib/thumb/v7e-m+dp/hard/libc_nano.a(libc_a-stdio.o) (_close_r)
/opt/ST/STM32CubeCLT_1.16.0/GNU-tools-for-STM32/bin/../lib/gcc/arm-none-eabi/12.3.1/../../../../arm-none-eabi/lib/thumb/v7e-m+dp/hard/libc_nano.a(libc_a-reent.o)
                              /opt/ST/STM32CubeCLT_1.16.0/GNU-tools-for-STM32/bin/../lib/gcc/arm-none-eabi/12.3.1/../../../../arm-none-eabi/lib/thumb/v7e-m+dp/hard/libc_nano.a(libc_a-closer.o) (errno)
/opt/ST/STM32CubeCLT_1.16.0/GNU-tools-for-STM32/bin/../lib/gcc/arm-none-eabi/12.3.1/../../../../arm-none-eabi/lib/thumb/v7e-m+dp/hard/libc_nano.a(libc_a-lseekr.o)
[...]
Memory Configuration

Name             Origin             Length             Attributes
RAM              0x20000000         0x00080000         xrw
FLASH            0x08000000         0x00200000         xr
*default*        0x00000000         0xffffffff

Linker script and memory map

LOAD /opt/ST/STM32CubeCLT_1.16.0/GNU-tools-for-STM32/bin/../lib/gcc/arm-none-eabi/12.3.1/thumb/v7e-m+dp/hard/crti.o
LOAD /opt/ST/STM32CubeCLT_1.16.0/GNU-tools-for-STM32/bin/../lib/gcc/arm-none-eabi/12.3.1/thumb/v7e-m+dp/hard/crtbegin.o
LOAD /opt/ST/STM32CubeCLT_1.16.0/GNU-tools-for-STM32/bin/../lib/gcc/arm-none-eabi/12.3.1/../../../../arm-none-eabi/lib/thumb/v7e-m+dp/hard/crt0.o
START GROUP
LOAD /opt/ST/STM32CubeCLT_1.16.0/GNU-tools-for-STM32/bin/../lib/gcc/arm-none-eabi/12.3.1/../../../../arm-none-eabi/lib/thumb/v7e-m+dp/hard/libc_nano.a
LOAD /opt/ST/STM32CubeCLT_1.16.0/GNU-tools-for-STM32/bin/../lib/gcc/arm-none-eabi/12.3.1/../../../../arm-none-eabi/lib/thumb/v7e-m+dp/hard/libm.a
END GROUP
LOAD CMakeFiles/NUCLEO-F767ZI-test.dir/Core/Src/main.c.obj
LOAD CMakeFiles/NUCLEO-F767ZI-test.dir/Core/Src/gpio.c.obj
LOAD CMakeFiles/NUCLEO-F767ZI-test.dir/Core/Src/adc.c.obj
LOAD CMakeFiles/NUCLEO-F767ZI-test.dir/Core/Src/eth.c.obj
LOAD CMakeFiles/NUCLEO-F767ZI-test.dir/Core/Src/i2c.c.obj
LOAD CMakeFiles/NUCLEO-F767ZI-test.dir/Core/Src/spi.c.obj
LOAD CMakeFiles/NUCLEO-F767ZI-test.dir/Core/Src/tim.c.obj
LOAD CMakeFiles/NUCLEO-F767ZI-test.dir/Core/Src/usart.c.obj
LOAD CMakeFiles/NUCLEO-F767ZI-test.dir/Core/Src/usb_otg.c.obj
LOAD CMakeFiles/NUCLEO-F767ZI-test.dir/Core/Src/stm32f7xx_it.c.obj
LOAD CMakeFiles/NUCLEO-F767ZI-test.dir/Core/Src/stm32f7xx_hal_msp.c.obj
LOAD CMakeFiles/NUCLEO-F767ZI-test.dir/Drivers/STM32F7xx_HAL_Driver/Src/stm32f7xx_hal_adc.c.obj
LOAD CMakeFiles/NUCLEO-F767ZI-test.dir/Drivers/STM32F7xx_HAL_Driver/Src/stm32f7xx_hal_adc_ex.c.obj
LOAD CMakeFiles/NUCLEO-F767ZI-test.dir/Drivers/STM32F7xx_HAL_Driver/Src/stm32f7xx_hal_rcc.c.obj
LOAD CMakeFiles/NUCLEO-F767ZI-test.dir/Drivers/STM32F7xx_HAL_Driver/Src/stm32f7xx_hal_rcc_ex.c.obj
LOAD CMakeFiles/NUCLEO-F767ZI-test.dir/Drivers/STM32F7xx_HAL_Driver/Src/stm32f7xx_hal_flash.c.obj
LOAD CMakeFiles/NUCLEO-F767ZI-test.dir/Drivers/STM32F7xx_HAL_Driver/Src/stm32f7xx_hal_flash_ex.c.obj
LOAD CMakeFiles/NUCLEO-F767ZI-test.dir/Drivers/STM32F7xx_HAL_Driver/Src/stm32f7xx_hal_gpio.c.obj
LOAD CMakeFiles/NUCLEO-F767ZI-test.dir/Drivers/STM32F7xx_HAL_Driver/Src/stm32f7xx_hal_dma.c.obj
LOAD CMakeFiles/NUCLEO-F767ZI-test.dir/Drivers/STM32F7xx_HAL_Driver/Src/stm32f7xx_hal_dma_ex.c.obj
LOAD CMakeFiles/NUCLEO-F767ZI-test.dir/Drivers/STM32F7xx_HAL_Driver/Src/stm32f7xx_hal_pwr.c.obj
LOAD CMakeFiles/NUCLEO-F767ZI-test.dir/Drivers/STM32F7xx_HAL_Driver/Src/stm32f7xx_hal_pwr_ex.c.obj
LOAD CMakeFiles/NUCLEO-F767ZI-test.dir/Drivers/STM32F7xx_HAL_Driver/Src/stm32f7xx_hal_cortex.c.obj
LOAD CMakeFiles/NUCLEO-F767ZI-test.dir/Drivers/STM32F7xx_HAL_Driver/Src/stm32f7xx_hal.c.obj
LOAD CMakeFiles/NUCLEO-F767ZI-test.dir/Drivers/STM32F7xx_HAL_Driver/Src/stm32f7xx_hal_i2c.c.obj
LOAD CMakeFiles/NUCLEO-F767ZI-test.dir/Drivers/STM32F7xx_HAL_Driver/Src/stm32f7xx_hal_i2c_ex.c.obj
LOAD CMakeFiles/NUCLEO-F767ZI-test.dir/Drivers/STM32F7xx_HAL_Driver/Src/stm32f7xx_hal_exti.c.obj
LOAD CMakeFiles/NUCLEO-F767ZI-test.dir/Drivers/STM32F7xx_HAL_Driver/Src/stm32f7xx_hal_eth.c.obj
LOAD CMakeFiles/NUCLEO-F767ZI-test.dir/Drivers/STM32F7xx_HAL_Driver/Src/stm32f7xx_hal_spi.c.obj
LOAD CMakeFiles/NUCLEO-F767ZI-test.dir/Drivers/STM32F7xx_HAL_Driver/Src/stm32f7xx_hal_spi_ex.c.obj
LOAD CMakeFiles/NUCLEO-F767ZI-test.dir/Drivers/STM32F7xx_HAL_Driver/Src/stm32f7xx_hal_tim.c.obj
LOAD CMakeFiles/NUCLEO-F767ZI-test.dir/Drivers/STM32F7xx_HAL_Driver/Src/stm32f7xx_hal_tim_ex.c.obj
LOAD CMakeFiles/NUCLEO-F767ZI-test.dir/Drivers/STM32F7xx_HAL_Driver/Src/stm32f7xx_hal_uart.c.obj
LOAD CMakeFiles/NUCLEO-F767ZI-test.dir/Drivers/STM32F7xx_HAL_Driver/Src/stm32f7xx_hal_uart_ex.c.obj
LOAD CMakeFiles/NUCLEO-F767ZI-test.dir/Drivers/STM32F7xx_HAL_Driver/Src/stm32f7xx_hal_pcd.c.obj
LOAD CMakeFiles/NUCLEO-F767ZI-test.dir/Drivers/STM32F7xx_HAL_Driver/Src/stm32f7xx_hal_pcd_ex.c.obj
LOAD CMakeFiles/NUCLEO-F767ZI-test.dir/Drivers/STM32F7xx_HAL_Driver/Src/stm32f7xx_ll_usb.c.obj
LOAD CMakeFiles/NUCLEO-F767ZI-test.dir/Core/Src/system_stm32f7xx.c.obj
LOAD CMakeFiles/NUCLEO-F767ZI-test.dir/Core/Src/sysmem.c.obj
LOAD CMakeFiles/NUCLEO-F767ZI-test.dir/Core/Src/syscalls.c.obj
LOAD CMakeFiles/NUCLEO-F767ZI-test.dir/startup_stm32f767xx.s.obj
START GROUP
LOAD /opt/ST/STM32CubeCLT_1.16.0/GNU-tools-for-STM32/bin/../lib/gcc/arm-none-eabi/12.3.1/thumb/v7e-m+dp/hard/libgcc.a
LOAD /opt/ST/STM32CubeCLT_1.16.0/GNU-tools-for-STM32/bin/../lib/gcc/arm-none-eabi/12.3.1/../../../../arm-none-eabi/lib/thumb/v7e-m+dp/hard/libg_nano.a
LOAD /opt/ST/STM32CubeCLT_1.16.0/GNU-tools-for-STM32/bin/../lib/gcc/arm-none-eabi/12.3.1/../../../../arm-none-eabi/lib/thumb/v7e-m+dp/hard/libc_nano.a
END GROUP
START GROUP
LOAD /opt/ST/STM32CubeCLT_1.16.0/GNU-tools-for-STM32/bin/../lib/gcc/arm-none-eabi/12.3.1/thumb/v7e-m+dp/hard/libgcc.a
LOAD /opt/ST/STM32CubeCLT_1.16.0/GNU-tools-for-STM32/bin/../lib/gcc/arm-none-eabi/12.3.1/../../../../arm-none-eabi/lib/thumb/v7e-m+dp/hard/libc_nano.a
END GROUP
LOAD /opt/ST/STM32CubeCLT_1.16.0/GNU-tools-for-STM32/bin/../lib/gcc/arm-none-eabi/12.3.1/thumb/v7e-m+dp/hard/crtend.o
LOAD /opt/ST/STM32CubeCLT_1.16.0/GNU-tools-for-STM32/bin/../lib/gcc/arm-none-eabi/12.3.1/thumb/v7e-m+dp/hard/crtn.o
                0x20080000                        _estack = (ORIGIN (RAM) + LENGTH (RAM))
                0x00000200                        _Min_Heap_Size = 0x200
                0x00000400                        _Min_Stack_Size = 0x400

.isr_vector     0x08000000      0x1f8
                0x08000000                        . = ALIGN (0x4)
 *(.isr_vector)
 .isr_vector    0x08000000      0x1f8 CMakeFiles/NUCLEO-F767ZI-test.dir/startup_stm32f767xx.s.obj
                0x08000000                g_pfnVectors
                0x080001f8                        . = ALIGN (0x4)

.text           0x080001f8     0x6700
                0x080001f8                        . = ALIGN (0x4)
 *(.text)
 .text          0x080001f8       0x40 /opt/ST/STM32CubeCLT_1.16.0/GNU-tools-for-STM32/bin/../lib/gcc/arm-none-eabi/12.3.1/thumb/v7e-m+dp/hard/crtbegin.o
 .text          0x08000238       0x30 /opt/ST/STM32CubeCLT_1.16.0/GNU-tools-for-STM32/bin/../lib/gcc/arm-none-eabi/12.3.1/thumb/v7e-m+dp/hard/libgcc.a(_aeabi_uldivmod.o)
                0x08000238                __aeabi_uldivmod
 .text          0x08000268      0x2bc /opt/ST/STM32CubeCLT_1.16.0/GNU-tools-for-STM32/bin/../lib/gcc/arm-none-eabi/12.3.1/thumb/v7e-m+dp/hard/libgcc.a(_udivmoddi4.o)
                0x08000268                __udivmoddi4
 .text          0x08000524        0x4 /opt/ST/STM32CubeCLT_1.16.0/GNU-tools-for-STM32/bin/../lib/gcc/arm-none-eabi/12.3.1/thumb/v7e-m+dp/hard/libgcc.a(_dvmd_tls.o)
                0x08000524                __aeabi_ldiv0
                0x08000524                __aeabi_idiv0
 *(.text*)
 .text.memset   0x08000528       0x10 /opt/ST/STM32CubeCLT_1.16.0/GNU-tools-for-STM32/bin/../lib/gcc/arm-none-eabi/12.3.1/../../../../arm-none-eabi/lib/thumb/v7e-m+dp/hard/libc_nano.a(libc_a-memset.o)
                0x08000528                memset
 .text.__libc_init_array
                0x08000538       0x48 /opt/ST/STM32CubeCLT_1.16.0/GNU-tools-for-STM32/bin/../lib/gcc/arm-none-eabi/12.3.1/../../../../arm-none-eabi/lib/thumb/v7e-m+dp/hard/libc_nano.a(libc_a-init.o)
                0x08000538                __libc_init_array
 .text.main     0x08000580       0x74 CMakeFiles/NUCLEO-F767ZI-test.dir/Core/Src/main.c.obj
                0x08000580                main
 .text.SystemClock_Config
                0x080005f4       0xe4 CMakeFiles/NUCLEO-F767ZI-test.dir/Core/Src/main.c.obj
                0x080005f4                SystemClock_Config
 .text.Error_Handler
                0x080006d8        0xc CMakeFiles/NUCLEO-F767ZI-test.dir/Core/Src/main.c.obj
                0x080006d8                Error_Handler
 .text.MX_GPIO_Init
                0x080006e4      0x2b0 CMakeFiles/NUCLEO-F767ZI-test.dir/Core/Src/gpio.c.obj
                0x080006e4                MX_GPIO_Init
 .text.MX_ADC1_Init
                0x08000994       0xa4 CMakeFiles/NUCLEO-F767ZI-test.dir/Core/Src/adc.c.obj
                0x08000994                MX_ADC1_Init
 .text.HAL_ADC_MspInit
                0x08000a38       0x80 CMakeFiles/NUCLEO-F767ZI-test.dir/Core/Src/adc.c.obj
                0x08000a38                HAL_ADC_MspInit
 .text.MX_ETH_Init
                0x08000ab8       0x9c CMakeFiles/NUCLEO-F767ZI-test.dir/Core/Src/eth.c.obj
                0x08000ab8                MX_ETH_Init
 .text.HAL_ETH_MspInit
                0x08000b54      0x170 CMakeFiles/NUCLEO-F767ZI-test.dir/Core/Src/eth.c.obj
                0x08000b54                HAL_ETH_MspInit
 .text.MX_I2C1_Init
                0x08000cc4       0x80 CMakeFiles/NUCLEO-F767ZI-test.dir/Core/Src/i2c.c.obj
                0x08000cc4                MX_I2C1_Init
 .text.MX_I2C2_Init
                0x08000d44       0x80 CMakeFiles/NUCLEO-F767ZI-test.dir/Core/Src/i2c.c.obj
                0x08000d44                MX_I2C2_Init
 .text.MX_I2C4_Init
                0x08000dc4       0x80 CMakeFiles/NUCLEO-F767ZI-test.dir/Core/Src/i2c.c.obj
                0x08000dc4                MX_I2C4_Init
 .text.HAL_I2C_MspInit
                0x08000e44      0x1dc CMakeFiles/NUCLEO-F767ZI-test.dir/Core/Src/i2c.c.obj
                0x08000e44                HAL_I2C_MspInit
 .text.MX_SPI1_Init
                0x08001020       0x7c CMakeFiles/NUCLEO-F767ZI-test.dir/Core/Src/spi.c.obj
                0x08001020                MX_SPI1_Init
 .text.MX_SPI2_Init
                0x0800109c       0x7c CMakeFiles/NUCLEO-F767ZI-test.dir/Core/Src/spi.c.obj
                0x0800109c                MX_SPI2_Init
 .text.MX_SPI3_Init
                0x08001118       0x7c CMakeFiles/NUCLEO-F767ZI-test.dir/Core/Src/spi.c.obj
                0x08001118                MX_SPI3_Init
 .text.MX_SPI4_Init
                0x08001194       0x7c CMakeFiles/NUCLEO-F767ZI-test.dir/Core/Src/spi.c.obj
                0x08001194                MX_SPI4_Init
 .text.MX_SPI5_Init
                0x08001210       0x7c CMakeFiles/NUCLEO-F767ZI-test.dir/Core/Src/spi.c.obj
                0x08001210                MX_SPI5_Init
 .text.HAL_SPI_MspInit
                0x0800128c      0x30c CMakeFiles/NUCLEO-F767ZI-test.dir/Core/Src/spi.c.obj
                0x0800128c                HAL_SPI_MspInit
 .text.MX_TIM1_Init
                0x08001598      0x17c CMakeFiles/NUCLEO-F767ZI-test.dir/Core/Src/tim.c.obj
                0x08001598                MX_TIM1_Init
 .text.HAL_TIM_PWM_MspInit
                0x08001714       0x40 CMakeFiles/NUCLEO-F767ZI-test.dir/Core/Src/tim.c.obj
                0x08001714                HAL_TIM_PWM_MspInit
 .text.HAL_TIM_MspPostInit
                0x08001754       0x70 CMakeFiles/NUCLEO-F767ZI-test.dir/Core/Src/tim.c.obj
                0x08001754                HAL_TIM_MspPostInit
 .text.MX_UART4_Init
                0x080017c4       0x60 CMakeFiles/NUCLEO-F767ZI-test.dir/Core/Src/usart.c.obj
                0x080017c4                MX_UART4_Init
 .text.MX_UART5_Init
                0x08001824       0x60 CMakeFiles/NUCLEO-F767ZI-test.dir/Core/Src/usart.c.obj
                0x08001824                MX_UART5_Init
 .text.MX_UART7_Init
                0x08001884       0x60 CMakeFiles/NUCLEO-F767ZI-test.dir/Core/Src/usart.c.obj
                0x08001884                MX_UART7_Init
 .text.MX_UART8_Init
                0x080018e4       0x60 CMakeFiles/NUCLEO-F767ZI-test.dir/Core/Src/usart.c.obj
                0x080018e4                MX_UART8_Init
 .text.MX_USART2_UART_Init
                0x08001944       0x60 CMakeFiles/NUCLEO-F767ZI-test.dir/Core/Src/usart.c.obj
                0x08001944                MX_USART2_UART_Init
 .text.MX_USART3_UART_Init
                0x080019a4       0x60 CMakeFiles/NUCLEO-F767ZI-test.dir/Core/Src/usart.c.obj
                0x080019a4                MX_USART3_UART_Init
 .text.MX_USART6_UART_Init
                0x08001a04       0x60 CMakeFiles/NUCLEO-F767ZI-test.dir/Core/Src/usart.c.obj
                0x08001a04                MX_USART6_UART_Init
 .text.HAL_UART_MspInit
                0x08001a64      0x49c CMakeFiles/NUCLEO-F767ZI-test.dir/Core/Src/usart.c.obj
                0x08001a64                HAL_UART_MspInit
 .text.MX_USB_OTG_FS_PCD_Init
                0x08001f00       0x5c CMakeFiles/NUCLEO-F767ZI-test.dir/Core/Src/usb_otg.c.obj
                0x08001f00                MX_USB_OTG_FS_PCD_Init
 .text.HAL_PCD_MspInit
                0x08001f5c       0xf4 CMakeFiles/NUCLEO-F767ZI-test.dir/Core/Src/usb_otg.c.obj
                0x08001f5c                HAL_PCD_MspInit
 .text.NMI_Handler
                0x08002050        0x8 CMakeFiles/NUCLEO-F767ZI-test.dir/Core/Src/stm32f7xx_it.c.obj
                0x08002050                NMI_Handler
 .text.HardFault_Handler
                0x08002058        0x8 CMakeFiles/NUCLEO-F767ZI-test.dir/Core/Src/stm32f7xx_it.c.obj
                0x08002058                HardFault_Handler
 .text.MemManage_Handler
                0x08002060        0x8 CMakeFiles/NUCLEO-F767ZI-test.dir/Core/Src/stm32f7xx_it.c.obj
                0x08002060                MemManage_Handler
 .text.BusFault_Handler
                0x08002068        0x8 CMakeFiles/NUCLEO-F767ZI-test.dir/Core/Src/stm32f7xx_it.c.obj
                0x08002068                BusFault_Handler
 .text.UsageFault_Handler
                0x08002070        0x8 CMakeFiles/NUCLEO-F767ZI-test.dir/Core/Src/stm32f7xx_it.c.obj
                0x08002070                UsageFault_Handler
 .text.SVC_Handler
                0x08002078        0xe CMakeFiles/NUCLEO-F767ZI-test.dir/Core/Src/stm32f7xx_it.c.obj
                0x08002078                SVC_Handler
 .text.DebugMon_Handler
                0x08002086        0xe CMakeFiles/NUCLEO-F767ZI-test.dir/Core/Src/stm32f7xx_it.c.obj
                0x08002086                DebugMon_Handler
 .text.PendSV_Handler
                0x08002094        0xe CMakeFiles/NUCLEO-F767ZI-test.dir/Core/Src/stm32f7xx_it.c.obj
                0x08002094                PendSV_Handler
 .text.SysTick_Handler
                0x080020a2        0xc CMakeFiles/NUCLEO-F767ZI-test.dir/Core/Src/stm32f7xx_it.c.obj
                0x080020a2                SysTick_Handler
 *fill*         0x080020ae        0x2 
 .text.HAL_MspInit
                0x080020b0       0x48 CMakeFiles/NUCLEO-F767ZI-test.dir/Core/Src/stm32f7xx_hal_msp.c.obj
                0x080020b0                HAL_MspInit
 .text.HAL_ADC_Init
                0x080020f8       0x88 CMakeFiles/NUCLEO-F767ZI-test.dir/Drivers/STM32F7xx_HAL_Driver/Src/stm32f7xx_hal_adc.c.obj
                0x080020f8                HAL_ADC_Init
 .text.HAL_ADC_ConfigChannel
                0x08002180      0x2ac CMakeFiles/NUCLEO-F767ZI-test.dir/Drivers/STM32F7xx_HAL_Driver/Src/stm32f7xx_hal_adc.c.obj
                0x08002180                HAL_ADC_ConfigChannel
 .text.ADC_Init
                0x0800242c      0x1f4 CMakeFiles/NUCLEO-F767ZI-test.dir/Drivers/STM32F7xx_HAL_Driver/Src/stm32f7xx_hal_adc.c.obj
 .text.HAL_RCC_OscConfig
                0x08002620      0x55c CMakeFiles/NUCLEO-F767ZI-test.dir/Drivers/STM32F7xx_HAL_Driver/Src/stm32f7xx_hal_rcc.c.obj
                0x08002620                HAL_RCC_OscConfig
 .text.HAL_RCC_ClockConfig
                0x08002b7c      0x1d8 CMakeFiles/NUCLEO-F767ZI-test.dir/Drivers/STM32F7xx_HAL_Driver/Src/stm32f7xx_hal_rcc.c.obj
                0x08002b7c                HAL_RCC_ClockConfig
 .text.HAL_RCC_GetSysClockFreq
                0x08002d54      0x20c CMakeFiles/NUCLEO-F767ZI-test.dir/Drivers/STM32F7xx_HAL_Driver/Src/stm32f7xx_hal_rcc.c.obj
                0x08002d54                HAL_RCC_GetSysClockFreq
 .text.HAL_RCC_GetHCLKFreq
                0x08002f60       0x18 CMakeFiles/NUCLEO-F767ZI-test.dir/Drivers/STM32F7xx_HAL_Driver/Src/stm32f7xx_hal_rcc.c.obj
                0x08002f60                HAL_RCC_GetHCLKFreq
 .text.HAL_RCC_GetPCLK1Freq
                0x08002f78       0x28 CMakeFiles/NUCLEO-F767ZI-test.dir/Drivers/STM32F7xx_HAL_Driver/Src/stm32f7xx_hal_rcc.c.obj
                0x08002f78                HAL_RCC_GetPCLK1Freq
 .text.HAL_RCC_GetPCLK2Freq
                0x08002fa0       0x28 CMakeFiles/NUCLEO-F767ZI-test.dir/Drivers/STM32F7xx_HAL_Driver/Src/stm32f7xx_hal_rcc.c.obj
                0x08002fa0                HAL_RCC_GetPCLK2Freq
 .text.HAL_RCCEx_PeriphCLKConfig
                0x08002fc8      0x850 CMakeFiles/NUCLEO-F767ZI-test.dir/Drivers/STM32F7xx_HAL_Driver/Src/stm32f7xx_hal_rcc_ex.c.obj
                0x08002fc8                HAL_RCCEx_PeriphCLKConfig
 .text.HAL_GPIO_Init
                0x08003818      0x358 CMakeFiles/NUCLEO-F767ZI-test.dir/Drivers/STM32F7xx_HAL_Driver/Src/stm32f7xx_hal_gpio.c.obj
                0x08003818                HAL_GPIO_Init
 .text.HAL_GPIO_WritePin
                0x08003b70       0x32 CMakeFiles/NUCLEO-F767ZI-test.dir/Drivers/STM32F7xx_HAL_Driver/Src/stm32f7xx_hal_gpio.c.obj
                0x08003b70                HAL_GPIO_WritePin
 .text.HAL_GPIO_TogglePin
                0x08003ba2       0x34 CMakeFiles/NUCLEO-F767ZI-test.dir/Drivers/STM32F7xx_HAL_Driver/Src/stm32f7xx_hal_gpio.c.obj
                0x08003ba2                HAL_GPIO_TogglePin
 *fill*         0x08003bd6        0x2 
 .text.HAL_PWR_EnableBkUpAccess
                0x08003bd8       0x20 CMakeFiles/NUCLEO-F767ZI-test.dir/Drivers/STM32F7xx_HAL_Driver/Src/stm32f7xx_hal_pwr.c.obj
                0x08003bd8                HAL_PWR_EnableBkUpAccess
 .text.HAL_PWREx_EnableOverDrive
                0x08003bf8       0xa0 CMakeFiles/NUCLEO-F767ZI-test.dir/Drivers/STM32F7xx_HAL_Driver/Src/stm32f7xx_hal_pwr_ex.c.obj
                0x08003bf8                HAL_PWREx_EnableOverDrive
 .text.__NVIC_SetPriorityGrouping
                0x08003c98       0x48 CMakeFiles/NUCLEO-F767ZI-test.dir/Drivers/STM32F7xx_HAL_Driver/Src/stm32f7xx_hal_cortex.c.obj
 .text.__NVIC_GetPriorityGrouping
                0x08003ce0       0x1c CMakeFiles/NUCLEO-F767ZI-test.dir/Drivers/STM32F7xx_HAL_Driver/Src/stm32f7xx_hal_cortex.c.obj
 .text.__NVIC_SetPriority
                0x08003cfc       0x54 CMakeFiles/NUCLEO-F767ZI-test.dir/Drivers/STM32F7xx_HAL_Driver/Src/stm32f7xx_hal_cortex.c.obj
 .text.NVIC_EncodePriority
                0x08003d50       0x66 CMakeFiles/NUCLEO-F767ZI-test.dir/Drivers/STM32F7xx_HAL_Driver/Src/stm32f7xx_hal_cortex.c.obj
 *fill*         0x08003db6        0x2 
 .text.SysTick_Config
                0x08003db8       0x44 CMakeFiles/NUCLEO-F767ZI-test.dir/Drivers/STM32F7xx_HAL_Driver/Src/stm32f7xx_hal_cortex.c.obj
 .text.HAL_NVIC_SetPriorityGrouping
                0x08003dfc       0x16 CMakeFiles/NUCLEO-F767ZI-test.dir/Drivers/STM32F7xx_HAL_Driver/Src/stm32f7xx_hal_cortex.c.obj
                0x08003dfc                HAL_NVIC_SetPriorityGrouping
 .text.HAL_NVIC_SetPriority
                0x08003e12       0x38 CMakeFiles/NUCLEO-F767ZI-test.dir/Drivers/STM32F7xx_HAL_Driver/Src/stm32f7xx_hal_cortex.c.obj
                0x08003e12                HAL_NVIC_SetPriority
 .text.HAL_SYSTICK_Config
                0x08003e4a       0x18 CMakeFiles/NUCLEO-F767ZI-test.dir/Drivers/STM32F7xx_HAL_Driver/Src/stm32f7xx_hal_cortex.c.obj
                0x08003e4a                HAL_SYSTICK_Config
 .text.HAL_Init
                0x08003e62       0x1a CMakeFiles/NUCLEO-F767ZI-test.dir/Drivers/STM32F7xx_HAL_Driver/Src/stm32f7xx_hal.c.obj
                0x08003e62                HAL_Init
 .text.HAL_InitTick
                0x08003e7c       0x60 CMakeFiles/NUCLEO-F767ZI-test.dir/Drivers/STM32F7xx_HAL_Driver/Src/stm32f7xx_hal.c.obj
                0x08003e7c                HAL_InitTick
 .text.HAL_IncTick
                0x08003edc       0x28 CMakeFiles/NUCLEO-F767ZI-test.dir/Drivers/STM32F7xx_HAL_Driver/Src/stm32f7xx_hal.c.obj
                0x08003edc                HAL_IncTick
 .text.HAL_GetTick
                0x08003f04       0x18 CMakeFiles/NUCLEO-F767ZI-test.dir/Drivers/STM32F7xx_HAL_Driver/Src/stm32f7xx_hal.c.obj
                0x08003f04                HAL_GetTick
 .text.HAL_Delay
                0x08003f1c       0x48 CMakeFiles/NUCLEO-F767ZI-test.dir/Drivers/STM32F7xx_HAL_Driver/Src/stm32f7xx_hal.c.obj
                0x08003f1c                HAL_Delay
 .text.HAL_I2C_Init
                0x08003f64      0x138 CMakeFiles/NUCLEO-F767ZI-test.dir/Drivers/STM32F7xx_HAL_Driver/Src/stm32f7xx_hal_i2c.c.obj
                0x08003f64                HAL_I2C_Init
 .text.HAL_I2CEx_ConfigAnalogFilter
                0x0800409c       0x96 CMakeFiles/NUCLEO-F767ZI-test.dir/Drivers/STM32F7xx_HAL_Driver/Src/stm32f7xx_hal_i2c_ex.c.obj
                0x0800409c                HAL_I2CEx_ConfigAnalogFilter
 .text.HAL_I2CEx_ConfigDigitalFilter
                0x08004132       0x98 CMakeFiles/NUCLEO-F767ZI-test.dir/Drivers/STM32F7xx_HAL_Driver/Src/stm32f7xx_hal_i2c_ex.c.obj
                0x08004132                HAL_I2CEx_ConfigDigitalFilter
 *fill*         0x080041ca        0x2 
 .text.HAL_ETH_Init
                0x080041cc      0x134 CMakeFiles/NUCLEO-F767ZI-test.dir/Drivers/STM32F7xx_HAL_Driver/Src/stm32f7xx_hal_eth.c.obj
                0x080041cc                HAL_ETH_Init
 .text.ETH_SetMACConfig
                0x08004300      0x168 CMakeFiles/NUCLEO-F767ZI-test.dir/Drivers/STM32F7xx_HAL_Driver/Src/stm32f7xx_hal_eth.c.obj
 .text.ETH_SetDMAConfig
                0x08004468      0x114 CMakeFiles/NUCLEO-F767ZI-test.dir/Drivers/STM32F7xx_HAL_Driver/Src/stm32f7xx_hal_eth.c.obj
 .text.ETH_MACDMAConfig
                0x0800457c       0xea CMakeFiles/NUCLEO-F767ZI-test.dir/Drivers/STM32F7xx_HAL_Driver/Src/stm32f7xx_hal_eth.c.obj
 *fill*         0x08004666        0x2 
 .text.ETH_MACAddressConfig
                0x08004668       0x70 CMakeFiles/NUCLEO-F767ZI-test.dir/Drivers/STM32F7xx_HAL_Driver/Src/stm32f7xx_hal_eth.c.obj
 .text.ETH_DMATxDescListInit
                0x080046d8       0xb2 CMakeFiles/NUCLEO-F767ZI-test.dir/Drivers/STM32F7xx_HAL_Driver/Src/stm32f7xx_hal_eth.c.obj
 .text.ETH_DMARxDescListInit
                0x0800478a       0xde CMakeFiles/NUCLEO-F767ZI-test.dir/Drivers/STM32F7xx_HAL_Driver/Src/stm32f7xx_hal_eth.c.obj
 .text.HAL_SPI_Init
                0x08004868      0x156 CMakeFiles/NUCLEO-F767ZI-test.dir/Drivers/STM32F7xx_HAL_Driver/Src/stm32f7xx_hal_spi.c.obj
                0x08004868                HAL_SPI_Init
 .text.HAL_TIM_OC_Init
                0x080049be       0xae CMakeFiles/NUCLEO-F767ZI-test.dir/Drivers/STM32F7xx_HAL_Driver/Src/stm32f7xx_hal_tim.c.obj
                0x080049be                HAL_TIM_OC_Init
 .text.HAL_TIM_OC_MspInit
                0x08004a6c       0x14 CMakeFiles/NUCLEO-F767ZI-test.dir/Drivers/STM32F7xx_HAL_Driver/Src/stm32f7xx_hal_tim.c.obj
                0x08004a6c                HAL_TIM_OC_MspInit
 .text.HAL_TIM_PWM_Init
                0x08004a80       0xae CMakeFiles/NUCLEO-F767ZI-test.dir/Drivers/STM32F7xx_HAL_Driver/Src/stm32f7xx_hal_tim.c.obj
                0x08004a80                HAL_TIM_PWM_Init
 *fill*         0x08004b2e        0x2 
 .text.HAL_TIM_OC_ConfigChannel
                0x08004b30       0xf4 CMakeFiles/NUCLEO-F767ZI-test.dir/Drivers/STM32F7xx_HAL_Driver/Src/stm32f7xx_hal_tim.c.obj
                0x08004b30                HAL_TIM_OC_ConfigChannel
 .text.HAL_TIM_PWM_ConfigChannel
                0x08004c24      0x228 CMakeFiles/NUCLEO-F767ZI-test.dir/Drivers/STM32F7xx_HAL_Driver/Src/stm32f7xx_hal_tim.c.obj
                0x08004c24                HAL_TIM_PWM_ConfigChannel
 .text.TIM_Base_SetConfig
                0x08004e4c      0x158 CMakeFiles/NUCLEO-F767ZI-test.dir/Drivers/STM32F7xx_HAL_Driver/Src/stm32f7xx_hal_tim.c.obj
                0x08004e4c                TIM_Base_SetConfig
 .text.TIM_OC1_SetConfig
                0x08004fa4       0xe4 CMakeFiles/NUCLEO-F767ZI-test.dir/Drivers/STM32F7xx_HAL_Driver/Src/stm32f7xx_hal_tim.c.obj
 .text.TIM_OC2_SetConfig
                0x08005088       0xf0 CMakeFiles/NUCLEO-F767ZI-test.dir/Drivers/STM32F7xx_HAL_Driver/Src/stm32f7xx_hal_tim.c.obj
                0x08005088                TIM_OC2_SetConfig
 .text.TIM_OC3_SetConfig
                0x08005178       0xec CMakeFiles/NUCLEO-F767ZI-test.dir/Drivers/STM32F7xx_HAL_Driver/Src/stm32f7xx_hal_tim.c.obj
 .text.TIM_OC4_SetConfig
                0x08005264       0xb0 CMakeFiles/NUCLEO-F767ZI-test.dir/Drivers/STM32F7xx_HAL_Driver/Src/stm32f7xx_hal_tim.c.obj
 .text.TIM_OC5_SetConfig
                0x08005314       0xa4 CMakeFiles/NUCLEO-F767ZI-test.dir/Drivers/STM32F7xx_HAL_Driver/Src/stm32f7xx_hal_tim.c.obj
 .text.TIM_OC6_SetConfig
                0x080053b8       0xa8 CMakeFiles/NUCLEO-F767ZI-test.dir/Drivers/STM32F7xx_HAL_Driver/Src/stm32f7xx_hal_tim.c.obj
 .text.HAL_TIMEx_MasterConfigSynchronization
                0x08005460      0x11c CMakeFiles/NUCLEO-F767ZI-test.dir/Drivers/STM32F7xx_HAL_Driver/Src/stm32f7xx_hal_tim_ex.c.obj
                0x08005460                HAL_TIMEx_MasterConfigSynchronization
 .text.HAL_TIMEx_ConfigBreakDeadTime
                0x0800557c       0xfc CMakeFiles/NUCLEO-F767ZI-test.dir/Drivers/STM32F7xx_HAL_Driver/Src/stm32f7xx_hal_tim_ex.c.obj
                0x0800557c                HAL_TIMEx_ConfigBreakDeadTime
 .text.HAL_UART_Init
                0x08005678       0x9c CMakeFiles/NUCLEO-F767ZI-test.dir/Drivers/STM32F7xx_HAL_Driver/Src/stm32f7xx_hal_uart.c.obj
                0x08005678                HAL_UART_Init
 .text.UART_SetConfig
                0x08005714      0x4c8 CMakeFiles/NUCLEO-F767ZI-test.dir/Drivers/STM32F7xx_HAL_Driver/Src/stm32f7xx_hal_uart.c.obj
                0x08005714                UART_SetConfig
 .text.UART_AdvFeatureConfig
                0x08005bdc      0x144 CMakeFiles/NUCLEO-F767ZI-test.dir/Drivers/STM32F7xx_HAL_Driver/Src/stm32f7xx_hal_uart.c.obj
                0x08005bdc                UART_AdvFeatureConfig
 .text.UART_CheckIdleState
                0x08005d20      0x150 CMakeFiles/NUCLEO-F767ZI-test.dir/Drivers/STM32F7xx_HAL_Driver/Src/stm32f7xx_hal_uart.c.obj
                0x08005d20                UART_CheckIdleState
 .text.UART_WaitOnFlagUntilTimeout
                0x08005e70       0xda CMakeFiles/NUCLEO-F767ZI-test.dir/Drivers/STM32F7xx_HAL_Driver/Src/stm32f7xx_hal_uart.c.obj
                0x08005e70                UART_WaitOnFlagUntilTimeout
 .text.UART_EndRxTransfer
                0x08005f4a       0xc8 CMakeFiles/NUCLEO-F767ZI-test.dir/Drivers/STM32F7xx_HAL_Driver/Src/stm32f7xx_hal_uart.c.obj
 .text.HAL_PCD_Init
                0x08006012      0x22c CMakeFiles/NUCLEO-F767ZI-test.dir/Drivers/STM32F7xx_HAL_Driver/Src/stm32f7xx_hal_pcd.c.obj
                0x08006012                HAL_PCD_Init
 *fill*         0x0800623e        0x2 
 .text.HAL_PCDEx_ActivateLPM
                0x08006240       0x48 CMakeFiles/NUCLEO-F767ZI-test.dir/Drivers/STM32F7xx_HAL_Driver/Src/stm32f7xx_hal_pcd_ex.c.obj
                0x08006240                HAL_PCDEx_ActivateLPM
 .text.USB_CoreInit
                0x08006288       0xb4 CMakeFiles/NUCLEO-F767ZI-test.dir/Drivers/STM32F7xx_HAL_Driver/Src/stm32f7xx_ll_usb.c.obj
                0x08006288                USB_CoreInit
 .text.USB_DisableGlobalInt
                0x0800633c       0x22 CMakeFiles/NUCLEO-F767ZI-test.dir/Drivers/STM32F7xx_HAL_Driver/Src/stm32f7xx_ll_usb.c.obj
                0x0800633c                USB_DisableGlobalInt
 .text.USB_SetCurrentMode
                0x0800635e       0x98 CMakeFiles/NUCLEO-F767ZI-test.dir/Drivers/STM32F7xx_HAL_Driver/Src/stm32f7xx_ll_usb.c.obj
                0x0800635e                USB_SetCurrentMode
 *fill*         0x080063f6        0x2 
 .text.USB_DevInit
                0x080063f8      0x2bc CMakeFiles/NUCLEO-F767ZI-test.dir/Drivers/STM32F7xx_HAL_Driver/Src/stm32f7xx_ll_usb.c.obj
                0x080063f8                USB_DevInit
 .text.USB_FlushTxFifo
                0x080066b4       0x64 CMakeFiles/NUCLEO-F767ZI-test.dir/Drivers/STM32F7xx_HAL_Driver/Src/stm32f7xx_ll_usb.c.obj
                0x080066b4                USB_FlushTxFifo
 .text.USB_FlushRxFifo
                0x08006718       0x5c CMakeFiles/NUCLEO-F767ZI-test.dir/Drivers/STM32F7xx_HAL_Driver/Src/stm32f7xx_ll_usb.c.obj
                0x08006718                USB_FlushRxFifo
 .text.USB_SetDevSpeed
                0x08006774       0x32 CMakeFiles/NUCLEO-F767ZI-test.dir/Drivers/STM32F7xx_HAL_Driver/Src/stm32f7xx_ll_usb.c.obj
                0x08006774                USB_SetDevSpeed
 .text.USB_DevDisconnect
                0x080067a6       0x42 CMakeFiles/NUCLEO-F767ZI-test.dir/Drivers/STM32F7xx_HAL_Driver/Src/stm32f7xx_ll_usb.c.obj
                0x080067a6                USB_DevDisconnect
 .text.USB_GetMode
                0x080067e8       0x1c CMakeFiles/NUCLEO-F767ZI-test.dir/Drivers/STM32F7xx_HAL_Driver/Src/stm32f7xx_ll_usb.c.obj
                0x080067e8                USB_GetMode
 .text.USB_CoreReset
                0x08006804       0x62 CMakeFiles/NUCLEO-F767ZI-test.dir/Drivers/STM32F7xx_HAL_Driver/Src/stm32f7xx_ll_usb.c.obj
 *fill*         0x08006866        0x2 
 .text.SystemInit
                0x08006868       0x24 CMakeFiles/NUCLEO-F767ZI-test.dir/Core/Src/system_stm32f7xx.c.obj
                0x08006868                SystemInit
 .text.Reset_Handler
                0x0800688c       0x50 CMakeFiles/NUCLEO-F767ZI-test.dir/startup_stm32f767xx.s.obj
                0x0800688c                Reset_Handler
 .text.Default_Handler
                0x080068dc        0x2 CMakeFiles/NUCLEO-F767ZI-test.dir/startup_stm32f767xx.s.obj
                0x080068dc                DMA1_Stream3_IRQHandler
                0x080068dc                EXTI2_IRQHandler
                0x080068dc                TIM8_CC_IRQHandler
                0x080068dc                UART8_IRQHandler
                0x080068dc                SPI4_IRQHandler
                0x080068dc                TIM1_CC_IRQHandler
                0x080068dc                DMA2_Stream5_IRQHandler
                0x080068dc                JPEG_IRQHandler
                0x080068dc                DMA1_Stream5_IRQHandler
                0x080068dc                CAN3_RX1_IRQHandler
                0x080068dc                PVD_IRQHandler
                0x080068dc                TAMP_STAMP_IRQHandler
                0x080068dc                CAN2_RX1_IRQHandler
                0x080068dc                EXTI3_IRQHandler
                0x080068dc                TIM8_TRG_COM_TIM14_IRQHandler
                0x080068dc                DFSDM1_FLT1_IRQHandler
                0x080068dc                TIM1_UP_TIM10_IRQHandler
                0x080068dc                TIM8_UP_TIM13_IRQHandler
                0x080068dc                I2C3_ER_IRQHandler
                0x080068dc                DFSDM1_FLT2_IRQHandler
                0x080068dc                EXTI0_IRQHandler
                0x080068dc                I2C2_EV_IRQHandler
                0x080068dc                DMA1_Stream2_IRQHandler
                0x080068dc                CAN1_RX0_IRQHandler
                0x080068dc                FPU_IRQHandler
                0x080068dc                OTG_HS_WKUP_IRQHandler
                0x080068dc                CAN3_SCE_IRQHandler
                0x080068dc                LTDC_ER_IRQHandler
                0x080068dc                CAN2_SCE_IRQHandler
                0x080068dc                DMA2_Stream2_IRQHandler
                0x080068dc                SPI1_IRQHandler
                0x080068dc                TIM6_DAC_IRQHandler
                0x080068dc                TIM1_BRK_TIM9_IRQHandler
                0x080068dc                DCMI_IRQHandler
                0x080068dc                CAN2_RX0_IRQHandler
                0x080068dc                DMA2_Stream3_IRQHandler
                0x080068dc                SAI2_IRQHandler
                0x080068dc                DFSDM1_FLT3_IRQHandler
                0x080068dc                USART6_IRQHandler
                0x080068dc                CAN3_RX0_IRQHandler
                0x080068dc                USART3_IRQHandler
                0x080068dc                CAN1_RX1_IRQHandler
                0x080068dc                UART5_IRQHandler
                0x080068dc                DMA2_Stream0_IRQHandler
                0x080068dc                TIM4_IRQHandler
                0x080068dc                QUADSPI_IRQHandler
                0x080068dc                I2C1_EV_IRQHandler
                0x080068dc                DMA1_Stream6_IRQHandler
                0x080068dc                DMA1_Stream1_IRQHandler
                0x080068dc                UART4_IRQHandler
                0x080068dc                TIM3_IRQHandler
                0x080068dc                RCC_IRQHandler
                0x080068dc                TIM8_BRK_TIM12_IRQHandler
                0x080068dc                Default_Handler
                0x080068dc                CEC_IRQHandler
                0x080068dc                EXTI15_10_IRQHandler
                0x080068dc                ADC_IRQHandler
                0x080068dc                DMA1_Stream7_IRQHandler
                0x080068dc                SPI5_IRQHandler
                0x080068dc                TIM7_IRQHandler
                0x080068dc                SDMMC1_IRQHandler
                0x080068dc                CAN2_TX_IRQHandler
                0x080068dc                TIM5_IRQHandler
                0x080068dc                DMA2_Stream7_IRQHandler
                0x080068dc                I2C3_EV_IRQHandler
                0x080068dc                EXTI9_5_IRQHandler
                0x080068dc                RTC_WKUP_IRQHandler
                0x080068dc                LTDC_IRQHandler
                0x080068dc                ETH_WKUP_IRQHandler
                0x080068dc                SPDIF_RX_IRQHandler
                0x080068dc                SPI2_IRQHandler
                0x080068dc                OTG_HS_EP1_IN_IRQHandler
                0x080068dc                DMA1_Stream0_IRQHandler
                0x080068dc                CAN1_TX_IRQHandler
                0x080068dc                EXTI4_IRQHandler
                0x080068dc                RNG_IRQHandler
                0x080068dc                ETH_IRQHandler
                0x080068dc                OTG_HS_EP1_OUT_IRQHandler
                0x080068dc                WWDG_IRQHandler
                0x080068dc                SPI6_IRQHandler
                0x080068dc                MDIOS_IRQHandler
                0x080068dc                I2C4_EV_IRQHandler
                0x080068dc                CAN3_TX_IRQHandler
                0x080068dc                TIM2_IRQHandler
                0x080068dc                OTG_FS_WKUP_IRQHandler
                0x080068dc                TIM1_TRG_COM_TIM11_IRQHandler
                0x080068dc                OTG_HS_IRQHandler
                0x080068dc                DMA2D_IRQHandler
                0x080068dc                EXTI1_IRQHandler
                0x080068dc                SDMMC2_IRQHandler
                0x080068dc                UART7_IRQHandler
                0x080068dc                USART2_IRQHandler
                0x080068dc                DFSDM1_FLT0_IRQHandler
                0x080068dc                I2C2_ER_IRQHandler
                0x080068dc                DMA2_Stream1_IRQHandler
                0x080068dc                CAN1_SCE_IRQHandler
                0x080068dc                FLASH_IRQHandler
                0x080068dc                DMA2_Stream4_IRQHandler
                0x080068dc                USART1_IRQHandler
                0x080068dc                OTG_FS_IRQHandler
                0x080068dc                SPI3_IRQHandler
                0x080068dc                DMA1_Stream4_IRQHandler
                0x080068dc                I2C1_ER_IRQHandler
                0x080068dc                FMC_IRQHandler
                0x080068dc                LPTIM1_IRQHandler
                0x080068dc                I2C4_ER_IRQHandler
                0x080068dc                DMA2_Stream6_IRQHandler
                0x080068dc                SAI1_IRQHandler
                0x080068dc                RTC_Alarm_IRQHandler
 *(.glue_7)
 .glue_7        0x080068de        0x0 linker stubs
 *(.glue_7t)
 .glue_7t       0x080068de        0x0 linker stubs
 *(.eh_frame)
 *fill*         0x080068de        0x2 
 .eh_frame      0x080068e0        0x0 /opt/ST/STM32CubeCLT_1.16.0/GNU-tools-for-STM32/bin/../lib/gcc/arm-none-eabi/12.3.1/thumb/v7e-m+dp/hard/crtbegin.o
 *(.init)
 .init          0x080068e0        0x4 /opt/ST/STM32CubeCLT_1.16.0/GNU-tools-for-STM32/bin/../lib/gcc/arm-none-eabi/12.3.1/thumb/v7e-m+dp/hard/crti.o
                0x080068e0                _init
 .init          0x080068e4        0x8 /opt/ST/STM32CubeCLT_1.16.0/GNU-tools-for-STM32/bin/../lib/gcc/arm-none-eabi/12.3.1/thumb/v7e-m+dp/hard/crtn.o
 *(.fini)
 .fini          0x080068ec        0x4 /opt/ST/STM32CubeCLT_1.16.0/GNU-tools-for-STM32/bin/../lib/gcc/arm-none-eabi/12.3.1/thumb/v7e-m+dp/hard/crti.o
                0x080068ec                _fini
 .fini          0x080068f0        0x8 /opt/ST/STM32CubeCLT_1.16.0/GNU-tools-for-STM32/bin/../lib/gcc/arm-none-eabi/12.3.1/thumb/v7e-m+dp/hard/crtn.o
                0x080068f8                        . = ALIGN (0x4)
                0x080068f8                        _etext = .

.vfp11_veneer   0x080068f8        0x0
 .vfp11_veneer  0x080068f8        0x0 linker stubs

.v4_bx          0x080068f8        0x0
 .v4_bx         0x080068f8        0x0 linker stubs

.iplt           0x080068f8        0x0
 .iplt          0x080068f8        0x0 /opt/ST/STM32CubeCLT_1.16.0/GNU-tools-for-STM32/bin/../lib/gcc/arm-none-eabi/12.3.1/thumb/v7e-m+dp/hard/crtbegin.o

.rodata         0x080068f8       0x18
                0x080068f8                        . = ALIGN (0x4)
 *(.rodata)
 *(.rodata*)
 .rodata.AHBPrescTable
                0x080068f8       0x10 CMakeFiles/NUCLEO-F767ZI-test.dir/Core/Src/system_stm32f7xx.c.obj
                0x080068f8                AHBPrescTable
 .rodata.APBPrescTable
                0x08006908        0x8 CMakeFiles/NUCLEO-F767ZI-test.dir/Core/Src/system_stm32f7xx.c.obj
                0x08006908                APBPrescTable
                0x08006910                        . = ALIGN (0x4)

.ARM.extab
 *(.ARM.extab* .gnu.linkonce.armextab.*)

.ARM            0x08006910        0x8
                0x08006910                        __exidx_start = .
 *(.ARM.exidx*)
 .ARM.exidx     0x08006910        0x8 /opt/ST/STM32CubeCLT_1.16.0/GNU-tools-for-STM32/bin/../lib/gcc/arm-none-eabi/12.3.1/thumb/v7e-m+dp/hard/libgcc.a(_udivmoddi4.o)
                0x08006918                        __exidx_end = .

.rel.dyn        0x08006918        0x0
 .rel.iplt      0x08006918        0x0 /opt/ST/STM32CubeCLT_1.16.0/GNU-tools-for-STM32/bin/../lib/gcc/arm-none-eabi/12.3.1/thumb/v7e-m+dp/hard/crtbegin.o

.preinit_array  0x08006918        0x0
                0x08006918                        PROVIDE (__preinit_array_start = .)
 *(.preinit_array*)
                0x08006918                        PROVIDE (__preinit_array_end = .)

.init_array     0x08006918        0x4
                0x08006918                        PROVIDE (__init_array_start = .)
 *(SORT_BY_NAME(.init_array.*))
 *(.init_array*)
 .init_array    0x08006918        0x4 /opt/ST/STM32CubeCLT_1.16.0/GNU-tools-for-STM32/bin/../lib/gcc/arm-none-eabi/12.3.1/thumb/v7e-m+dp/hard/crtbegin.o
                0x0800691c                        PROVIDE (__init_array_end = .)

.fini_array     0x0800691c        0x4
                [!provide]                        PROVIDE (__fini_array_start = .)
 *(SORT_BY_NAME(.fini_array.*))
 *(.fini_array*)
 .fini_array    0x0800691c        0x4 /opt/ST/STM32CubeCLT_1.16.0/GNU-tools-for-STM32/bin/../lib/gcc/arm-none-eabi/12.3.1/thumb/v7e-m+dp/hard/crtbegin.o
                [!provide]                        PROVIDE (__fini_array_end = .)
                0x08006920                        _sidata = LOADADDR (.data)

.data           0x20000000        0xc load address 0x08006920
                0x20000000                        . = ALIGN (0x4)
                0x20000000                        _sdata = .
 *(.data)
 *(.data*)
 .data.uwTickPrio
                0x20000000        0x4 CMakeFiles/NUCLEO-F767ZI-test.dir/Drivers/STM32F7xx_HAL_Driver/Src/stm32f7xx_hal.c.obj
                0x20000000                uwTickPrio
 .data.uwTickFreq
                0x20000004        0x1 CMakeFiles/NUCLEO-F767ZI-test.dir/Drivers/STM32F7xx_HAL_Driver/Src/stm32f7xx_hal.c.obj
                0x20000004                uwTickFreq
 *fill*         0x20000005        0x3 
 .data.SystemCoreClock
                0x20000008        0x4 CMakeFiles/NUCLEO-F767ZI-test.dir/Core/Src/system_stm32f7xx.c.obj
                0x20000008                SystemCoreClock
                0x2000000c                        . = ALIGN (0x4)
                0x2000000c                        _edata = .

.igot.plt       0x2000000c        0x0 load address 0x0800692c
 .igot.plt      0x2000000c        0x0 /opt/ST/STM32CubeCLT_1.16.0/GNU-tools-for-STM32/bin/../lib/gcc/arm-none-eabi/12.3.1/thumb/v7e-m+dp/hard/crtbegin.o

.RxDecripSection
                0x2000000c       0xa0 load address 0x0800692c
 .RxDecripSection
                0x2000000c       0xa0 CMakeFiles/NUCLEO-F767ZI-test.dir/Core/Src/eth.c.obj
                0x2000000c                DMARxDscrTab

.TxDecripSection
                0x200000ac       0xa0 load address 0x080069cc
 .TxDecripSection
                0x200000ac       0xa0 CMakeFiles/NUCLEO-F767ZI-test.dir/Core/Src/eth.c.obj
                0x200000ac                DMATxDscrTab
                0x2000014c                        . = ALIGN (0x4)

.bss            0x2000014c      0xd2c load address 0x08006a6c
                0x2000014c                        _sbss = .
                0x2000014c                        __bss_start__ = _sbss
 *(.bss)
 .bss           0x2000014c       0x1c /opt/ST/STM32CubeCLT_1.16.0/GNU-tools-for-STM32/bin/../lib/gcc/arm-none-eabi/12.3.1/thumb/v7e-m+dp/hard/crtbegin.o
 *(.bss*)
 .bss.hadc1     0x20000168       0x48 CMakeFiles/NUCLEO-F767ZI-test.dir/Core/Src/adc.c.obj
                0x20000168                hadc1
 .bss.TxConfig  0x200001b0       0x38 CMakeFiles/NUCLEO-F767ZI-test.dir/Core/Src/eth.c.obj
                0x200001b0                TxConfig
 .bss.heth      0x200001e8       0xb0 CMakeFiles/NUCLEO-F767ZI-test.dir/Core/Src/eth.c.obj
                0x200001e8                heth
 .bss.MACAddr.0
                0x20000298        0x6 CMakeFiles/NUCLEO-F767ZI-test.dir/Core/Src/eth.c.obj
 *fill*         0x2000029e        0x2 
 .bss.hi2c1     0x200002a0       0x54 CMakeFiles/NUCLEO-F767ZI-test.dir/Core/Src/i2c.c.obj
                0x200002a0                hi2c1
 .bss.hi2c2     0x200002f4       0x54 CMakeFiles/NUCLEO-F767ZI-test.dir/Core/Src/i2c.c.obj
                0x200002f4                hi2c2
 .bss.hi2c4     0x20000348       0x54 CMakeFiles/NUCLEO-F767ZI-test.dir/Core/Src/i2c.c.obj
                0x20000348                hi2c4
 .bss.hspi1     0x2000039c       0x64 CMakeFiles/NUCLEO-F767ZI-test.dir/Core/Src/spi.c.obj
                0x2000039c                hspi1
 .bss.hspi2     0x20000400       0x64 CMakeFiles/NUCLEO-F767ZI-test.dir/Core/Src/spi.c.obj
                0x20000400                hspi2
 .bss.hspi3     0x20000464       0x64 CMakeFiles/NUCLEO-F767ZI-test.dir/Core/Src/spi.c.obj
                0x20000464                hspi3
 .bss.hspi4     0x200004c8       0x64 CMakeFiles/NUCLEO-F767ZI-test.dir/Core/Src/spi.c.obj
                0x200004c8                hspi4
 .bss.hspi5     0x2000052c       0x64 CMakeFiles/NUCLEO-F767ZI-test.dir/Core/Src/spi.c.obj
                0x2000052c                hspi5
 .bss.htim1     0x20000590       0x4c CMakeFiles/NUCLEO-F767ZI-test.dir/Core/Src/tim.c.obj
                0x20000590                htim1
 .bss.huart4    0x200005dc       0x88 CMakeFiles/NUCLEO-F767ZI-test.dir/Core/Src/usart.c.obj
                0x200005dc                huart4
 .bss.huart5    0x20000664       0x88 CMakeFiles/NUCLEO-F767ZI-test.dir/Core/Src/usart.c.obj
                0x20000664                huart5
 .bss.huart7    0x200006ec       0x88 CMakeFiles/NUCLEO-F767ZI-test.dir/Core/Src/usart.c.obj
                0x200006ec                huart7
 .bss.huart8    0x20000774       0x88 CMakeFiles/NUCLEO-F767ZI-test.dir/Core/Src/usart.c.obj
                0x20000774                huart8
 .bss.huart2    0x200007fc       0x88 CMakeFiles/NUCLEO-F767ZI-test.dir/Core/Src/usart.c.obj
                0x200007fc                huart2
 .bss.huart3    0x20000884       0x88 CMakeFiles/NUCLEO-F767ZI-test.dir/Core/Src/usart.c.obj
                0x20000884                huart3
 .bss.huart6    0x2000090c       0x88 CMakeFiles/NUCLEO-F767ZI-test.dir/Core/Src/usart.c.obj
                0x2000090c                huart6
 .bss.hpcd_USB_OTG_FS
                0x20000994      0x4e0 CMakeFiles/NUCLEO-F767ZI-test.dir/Core/Src/usb_otg.c.obj
                0x20000994                hpcd_USB_OTG_FS
 .bss.uwTick    0x20000e74        0x4 CMakeFiles/NUCLEO-F767ZI-test.dir/Drivers/STM32F7xx_HAL_Driver/Src/stm32f7xx_hal.c.obj
                0x20000e74                uwTick
 *(COMMON)
                0x20000e78                        . = ALIGN (0x4)
                0x20000e78                        _ebss = .
                0x20000e78                        __bss_end__ = _ebss

._user_heap_stack
                0x20000e78      0x600 load address 0x08006a6c
                0x20000e78                        . = ALIGN (0x8)
                [!provide]                        PROVIDE (end = .)
                0x20000e78                        PROVIDE (_end = .)
                0x20001078                        . = (. + _Min_Heap_Size)
 *fill*         0x20000e78      0x200 
                0x20001478                        . = (. + _Min_Stack_Size)
 *fill*         0x20001078      0x400 
                0x20001478                        . = ALIGN (0x8)

/DISCARD/
 libc.a(*)
 libm.a(*)
 libgcc.a(*)

.ARM.attributes
                0x00000000       0x2e
 *(.ARM.attributes)
 .ARM.attributes
                0x00000000       0x20 /opt/ST/STM32CubeCLT_1.16.0/GNU-tools-for-STM32/bin/../lib/gcc/arm-none-eabi/12.3.1/thumb/v7e-m+dp/hard/crti.o
 .ARM.attributes
                0x00000020       0x32 /opt/ST/STM32CubeCLT_1.16.0/GNU-tools-for-STM32/bin/../lib/gcc/arm-none-eabi/12.3.1/thumb/v7e-m+dp/hard/crtbegin.o
 .ARM.attributes
                0x00000052       0x32 /opt/ST/STM32CubeCLT_1.16.0/GNU-tools-for-STM32/bin/../lib/gcc/arm-none-eabi/12.3.1/../../../../arm-none-eabi/lib/thumb/v7e-m+dp/hard/libc_nano.a(libc_a-memset.o)
 .ARM.attributes
                0x00000084       0x32 /opt/ST/STM32CubeCLT_1.16.0/GNU-tools-for-STM32/bin/../lib/gcc/arm-none-eabi/12.3.1/../../../../arm-none-eabi/lib/thumb/v7e-m+dp/hard/libc_nano.a(libc_a-init.o)
 .ARM.attributes
                0x000000b6       0x32 CMakeFiles/NUCLEO-F767ZI-test.dir/Core/Src/main.c.obj
 .ARM.attributes
                0x000000e8       0x32 CMakeFiles/NUCLEO-F767ZI-test.dir/Core/Src/gpio.c.obj
 .ARM.attributes
                0x0000011a       0x32 CMakeFiles/NUCLEO-F767ZI-test.dir/Core/Src/adc.c.obj
 .ARM.attributes
                0x0000014c       0x32 CMakeFiles/NUCLEO-F767ZI-test.dir/Core/Src/eth.c.obj
 .ARM.attributes
                0x0000017e       0x32 CMakeFiles/NUCLEO-F767ZI-test.dir/Core/Src/i2c.c.obj
 .ARM.attributes
                0x000001b0       0x32 CMakeFiles/NUCLEO-F767ZI-test.dir/Core/Src/spi.c.obj
 .ARM.attributes
                0x000001e2       0x32 CMakeFiles/NUCLEO-F767ZI-test.dir/Core/Src/tim.c.obj
 .ARM.attributes
                0x00000214       0x32 CMakeFiles/NUCLEO-F767ZI-test.dir/Core/Src/usart.c.obj
 .ARM.attributes
                0x00000246       0x32 CMakeFiles/NUCLEO-F767ZI-test.dir/Core/Src/usb_otg.c.obj
 .ARM.attributes
                0x00000278       0x32 CMakeFiles/NUCLEO-F767ZI-test.dir/Core/Src/stm32f7xx_it.c.obj
 .ARM.attributes
                0x000002aa       0x32 CMakeFiles/NUCLEO-F767ZI-test.dir/Core/Src/stm32f7xx_hal_msp.c.obj
 .ARM.attributes
                0x000002dc       0x32 CMakeFiles/NUCLEO-F767ZI-test.dir/Drivers/STM32F7xx_HAL_Driver/Src/stm32f7xx_hal_adc.c.obj
 .ARM.attributes
                0x0000030e       0x32 CMakeFiles/NUCLEO-F767ZI-test.dir/Drivers/STM32F7xx_HAL_Driver/Src/stm32f7xx_hal_rcc.c.obj
 .ARM.attributes
                0x00000340       0x32 CMakeFiles/NUCLEO-F767ZI-test.dir/Drivers/STM32F7xx_HAL_Driver/Src/stm32f7xx_hal_rcc_ex.c.obj
 .ARM.attributes
                0x00000372       0x32 CMakeFiles/NUCLEO-F767ZI-test.dir/Drivers/STM32F7xx_HAL_Driver/Src/stm32f7xx_hal_gpio.c.obj
 .ARM.attributes
                0x000003a4       0x32 CMakeFiles/NUCLEO-F767ZI-test.dir/Drivers/STM32F7xx_HAL_Driver/Src/stm32f7xx_hal_pwr.c.obj
 .ARM.attributes
                0x000003d6       0x32 CMakeFiles/NUCLEO-F767ZI-test.dir/Drivers/STM32F7xx_HAL_Driver/Src/stm32f7xx_hal_pwr_ex.c.obj
 .ARM.attributes
                0x00000408       0x32 CMakeFiles/NUCLEO-F767ZI-test.dir/Drivers/STM32F7xx_HAL_Driver/Src/stm32f7xx_hal_cortex.c.obj
 .ARM.attributes
                0x0000043a       0x32 CMakeFiles/NUCLEO-F767ZI-test.dir/Drivers/STM32F7xx_HAL_Driver/Src/stm32f7xx_hal.c.obj
 .ARM.attributes
                0x0000046c       0x32 CMakeFiles/NUCLEO-F767ZI-test.dir/Drivers/STM32F7xx_HAL_Driver/Src/stm32f7xx_hal_i2c.c.obj
 .ARM.attributes
                0x0000049e       0x32 CMakeFiles/NUCLEO-F767ZI-test.dir/Drivers/STM32F7xx_HAL_Driver/Src/stm32f7xx_hal_i2c_ex.c.obj
 .ARM.attributes
                0x000004d0       0x32 CMakeFiles/NUCLEO-F767ZI-test.dir/Drivers/STM32F7xx_HAL_Driver/Src/stm32f7xx_hal_eth.c.obj
 .ARM.attributes
                0x00000502       0x32 CMakeFiles/NUCLEO-F767ZI-test.dir/Drivers/STM32F7xx_HAL_Driver/Src/stm32f7xx_hal_spi.c.obj
 .ARM.attributes
                0x00000534       0x32 CMakeFiles/NUCLEO-F767ZI-test.dir/Drivers/STM32F7xx_HAL_Driver/Src/stm32f7xx_hal_tim.c.obj
 .ARM.attributes
                0x00000566       0x32 CMakeFiles/NUCLEO-F767ZI-test.dir/Drivers/STM32F7xx_HAL_Driver/Src/stm32f7xx_hal_tim_ex.c.obj
 .ARM.attributes
                0x00000598       0x32 CMakeFiles/NUCLEO-F767ZI-test.dir/Drivers/STM32F7xx_HAL_Driver/Src/stm32f7xx_hal_uart.c.obj
 .ARM.attributes
                0x000005ca       0x32 CMakeFiles/NUCLEO-F767ZI-test.dir/Drivers/STM32F7xx_HAL_Driver/Src/stm32f7xx_hal_pcd.c.obj
 .ARM.attributes
                0x000005fc       0x32 CMakeFiles/NUCLEO-F767ZI-test.dir/Drivers/STM32F7xx_HAL_Driver/Src/stm32f7xx_hal_pcd_ex.c.obj
 .ARM.attributes
                0x0000062e       0x32 CMakeFiles/NUCLEO-F767ZI-test.dir/Drivers/STM32F7xx_HAL_Driver/Src/stm32f7xx_ll_usb.c.obj
 .ARM.attributes
                0x00000660       0x32 CMakeFiles/NUCLEO-F767ZI-test.dir/Core/Src/system_stm32f7xx.c.obj
 .ARM.attributes
                0x00000692       0x21 CMakeFiles/NUCLEO-F767ZI-test.dir/startup_stm32f767xx.s.obj
 .ARM.attributes
                0x000006b3       0x20 /opt/ST/STM32CubeCLT_1.16.0/GNU-tools-for-STM32/bin/../lib/gcc/arm-none-eabi/12.3.1/thumb/v7e-m+dp/hard/libgcc.a(_aeabi_uldivmod.o)
 .ARM.attributes
                0x000006d3       0x32 /opt/ST/STM32CubeCLT_1.16.0/GNU-tools-for-STM32/bin/../lib/gcc/arm-none-eabi/12.3.1/thumb/v7e-m+dp/hard/libgcc.a(_udivmoddi4.o)
 .ARM.attributes
                0x00000705       0x20 /opt/ST/STM32CubeCLT_1.16.0/GNU-tools-for-STM32/bin/../lib/gcc/arm-none-eabi/12.3.1/thumb/v7e-m+dp/hard/libgcc.a(_dvmd_tls.o)
 .ARM.attributes
                0x00000725       0x20 /opt/ST/STM32CubeCLT_1.16.0/GNU-tools-for-STM32/bin/../lib/gcc/arm-none-eabi/12.3.1/thumb/v7e-m+dp/hard/crtn.o
OUTPUT(NUCLEO-F767ZI-test.elf elf32-littlearm)
LOAD linker stubs
LOAD /opt/ST/STM32CubeCLT_1.16.0/GNU-tools-for-STM32/bin/../lib/gcc/arm-none-eabi/12.3.1/../../../../arm-none-eabi/lib/thumb/v7e-m+dp/hard/libc.a
LOAD /opt/ST/STM32CubeCLT_1.16.0/GNU-tools-for-STM32/bin/../lib/gcc/arm-none-eabi/12.3.1/../../../../arm-none-eabi/lib/thumb/v7e-m+dp/hard/libm.a
LOAD /opt/ST/STM32CubeCLT_1.16.0/GNU-tools-for-STM32/bin/../lib/gcc/arm-none-eabi/12.3.1/thumb/v7e-m+dp/hard/libgcc.a

.debug_frame    0x00000000     0x6c2c
 .debug_frame   0x00000000       0x20 /opt/ST/STM32CubeCLT_1.16.0/GNU-tools-for-STM32/bin/../lib/gcc/arm-none-eabi/12.3.1/../../../../arm-none-eabi/lib/thumb/v7e-m+dp/hard/libc_nano.a(libc_a-memset.o)
 .debug_frame   0x00000020       0x2c /opt/ST/STM32CubeCLT_1.16.0/GNU-tools-for-STM32/bin/../lib/gcc/arm-none-eabi/12.3.1/../../../../arm-none-eabi/lib/thumb/v7e-m+dp/hard/libc_nano.a(libc_a-init.o)
 .debug_frame   0x0000004c       0x68 CMakeFiles/NUCLEO-F767ZI-test.dir/Core/Src/main.c.obj
 .debug_frame   0x000000b4       0x38 CMakeFiles/NUCLEO-F767ZI-test.dir/Core/Src/gpio.c.obj
 .debug_frame   0x000000ec       0x7c CMakeFiles/NUCLEO-F767ZI-test.dir/Core/Src/adc.c.obj
 .debug_frame   0x00000168       0x74 CMakeFiles/NUCLEO-F767ZI-test.dir/Core/Src/eth.c.obj
 .debug_frame   0x000001dc       0xb0 CMakeFiles/NUCLEO-F767ZI-test.dir/Core/Src/i2c.c.obj
 .debug_frame   0x0000028c       0xe8 CMakeFiles/NUCLEO-F767ZI-test.dir/Core/Src/spi.c.obj
 .debug_frame   0x00000374       0xa8 CMakeFiles/NUCLEO-F767ZI-test.dir/Core/Src/tim.c.obj
 .debug_frame   0x0000041c      0x120 CMakeFiles/NUCLEO-F767ZI-test.dir/Core/Src/usart.c.obj
 .debug_frame   0x0000053c       0x78 CMakeFiles/NUCLEO-F767ZI-test.dir/Core/Src/usb_otg.c.obj
 .debug_frame   0x000005b4      0x104 CMakeFiles/NUCLEO-F767ZI-test.dir/Core/Src/stm32f7xx_it.c.obj
 .debug_frame   0x000006b8       0x38 CMakeFiles/NUCLEO-F767ZI-test.dir/Core/Src/stm32f7xx_hal_msp.c.obj
 .debug_frame   0x000006f0      0x3fc CMakeFiles/NUCLEO-F767ZI-test.dir/Drivers/STM32F7xx_HAL_Driver/Src/stm32f7xx_hal_adc.c.obj
 .debug_frame   0x00000aec      0x1f8 CMakeFiles/NUCLEO-F767ZI-test.dir/Drivers/STM32F7xx_HAL_Driver/Src/stm32f7xx_hal_rcc.c.obj
 .debug_frame   0x00000ce4      0x118 CMakeFiles/NUCLEO-F767ZI-test.dir/Drivers/STM32F7xx_HAL_Driver/Src/stm32f7xx_hal_rcc_ex.c.obj
 .debug_frame   0x00000dfc      0x14c CMakeFiles/NUCLEO-F767ZI-test.dir/Drivers/STM32F7xx_HAL_Driver/Src/stm32f7xx_hal_gpio.c.obj
 .debug_frame   0x00000f48      0x254 CMakeFiles/NUCLEO-F767ZI-test.dir/Drivers/STM32F7xx_HAL_Driver/Src/stm32f7xx_hal_pwr.c.obj
 .debug_frame   0x0000119c      0x1c8 CMakeFiles/NUCLEO-F767ZI-test.dir/Drivers/STM32F7xx_HAL_Driver/Src/stm32f7xx_hal_pwr_ex.c.obj
 .debug_frame   0x00001364      0x4e8 CMakeFiles/NUCLEO-F767ZI-test.dir/Drivers/STM32F7xx_HAL_Driver/Src/stm32f7xx_hal_cortex.c.obj
 .debug_frame   0x0000184c      0x3f4 CMakeFiles/NUCLEO-F767ZI-test.dir/Drivers/STM32F7xx_HAL_Driver/Src/stm32f7xx_hal.c.obj
 .debug_frame   0x00001c40      0xc38 CMakeFiles/NUCLEO-F767ZI-test.dir/Drivers/STM32F7xx_HAL_Driver/Src/stm32f7xx_hal_i2c.c.obj
 .debug_frame   0x00002878       0xb0 CMakeFiles/NUCLEO-F767ZI-test.dir/Drivers/STM32F7xx_HAL_Driver/Src/stm32f7xx_hal_i2c_ex.c.obj
 .debug_frame   0x00002928      0x898 CMakeFiles/NUCLEO-F767ZI-test.dir/Drivers/STM32F7xx_HAL_Driver/Src/stm32f7xx_hal_eth.c.obj
 .debug_frame   0x000031c0      0x860 CMakeFiles/NUCLEO-F767ZI-test.dir/Drivers/STM32F7xx_HAL_Driver/Src/stm32f7xx_hal_spi.c.obj
 .debug_frame   0x00003a20     0x121c CMakeFiles/NUCLEO-F767ZI-test.dir/Drivers/STM32F7xx_HAL_Driver/Src/stm32f7xx_hal_tim.c.obj
 .debug_frame   0x00004c3c      0x6b0 CMakeFiles/NUCLEO-F767ZI-test.dir/Drivers/STM32F7xx_HAL_Driver/Src/stm32f7xx_hal_tim_ex.c.obj
 .debug_frame   0x000052ec      0xa10 CMakeFiles/NUCLEO-F767ZI-test.dir/Drivers/STM32F7xx_HAL_Driver/Src/stm32f7xx_hal_uart.c.obj
 .debug_frame   0x00005cfc      0x5b8 CMakeFiles/NUCLEO-F767ZI-test.dir/Drivers/STM32F7xx_HAL_Driver/Src/stm32f7xx_hal_pcd.c.obj
 .debug_frame   0x000062b4      0x100 CMakeFiles/NUCLEO-F767ZI-test.dir/Drivers/STM32F7xx_HAL_Driver/Src/stm32f7xx_hal_pcd_ex.c.obj
 .debug_frame   0x000063b4      0x7c0 CMakeFiles/NUCLEO-F767ZI-test.dir/Drivers/STM32F7xx_HAL_Driver/Src/stm32f7xx_ll_usb.c.obj
 .debug_frame   0x00006b74       0x58 CMakeFiles/NUCLEO-F767ZI-test.dir/Core/Src/system_stm32f7xx.c.obj
 .debug_frame   0x00006bcc       0x2c /opt/ST/STM32CubeCLT_1.16.0/GNU-tools-for-STM32/bin/../lib/gcc/arm-none-eabi/12.3.1/thumb/v7e-m+dp/hard/libgcc.a(_aeabi_uldivmod.o)
 .debug_frame   0x00006bf8       0x34 /opt/ST/STM32CubeCLT_1.16.0/GNU-tools-for-STM32/bin/../lib/gcc/arm-none-eabi/12.3.1/thumb/v7e-m+dp/hard/libgcc.a(_udivmoddi4.o)

.debug_info     0x00000000    0x1d529
 .debug_info    0x00000000      0x64a CMakeFiles/NUCLEO-F767ZI-test.dir/Core/Src/main.c.obj
 .debug_info    0x0000064a      0x49d CMakeFiles/NUCLEO-F767ZI-test.dir/Core/Src/gpio.c.obj
 .debug_info    0x00000ae7      0x9b9 CMakeFiles/NUCLEO-F767ZI-test.dir/Core/Src/adc.c.obj
 .debug_info    0x000014a0      0xf78 CMakeFiles/NUCLEO-F767ZI-test.dir/Core/Src/eth.c.obj
 .debug_info    0x00002418      0xd0e CMakeFiles/NUCLEO-F767ZI-test.dir/Core/Src/i2c.c.obj
 .debug_info    0x00003126      0xb7e CMakeFiles/NUCLEO-F767ZI-test.dir/Core/Src/spi.c.obj
 .debug_info    0x00003ca4      0xd09 CMakeFiles/NUCLEO-F767ZI-test.dir/Core/Src/tim.c.obj
 .debug_info    0x000049ad      0xefd CMakeFiles/NUCLEO-F767ZI-test.dir/Core/Src/usart.c.obj
 .debug_info    0x000058aa      0xc1d CMakeFiles/NUCLEO-F767ZI-test.dir/Core/Src/usb_otg.c.obj
 .debug_info    0x000064c7      0x112 CMakeFiles/NUCLEO-F767ZI-test.dir/Core/Src/stm32f7xx_it.c.obj
 .debug_info    0x000065d9      0x28d CMakeFiles/NUCLEO-F767ZI-test.dir/Core/Src/stm32f7xx_hal_msp.c.obj
 .debug_info    0x00006866      0xc83 CMakeFiles/NUCLEO-F767ZI-test.dir/Drivers/STM32F7xx_HAL_Driver/Src/stm32f7xx_hal_adc.c.obj
 .debug_info    0x000074e9      0x937 CMakeFiles/NUCLEO-F767ZI-test.dir/Drivers/STM32F7xx_HAL_Driver/Src/stm32f7xx_hal_rcc.c.obj
 .debug_info    0x00007e20      0x6e1 CMakeFiles/NUCLEO-F767ZI-test.dir/Drivers/STM32F7xx_HAL_Driver/Src/stm32f7xx_hal_rcc_ex.c.obj
 .debug_info    0x00008501      0x6f3 CMakeFiles/NUCLEO-F767ZI-test.dir/Drivers/STM32F7xx_HAL_Driver/Src/stm32f7xx_hal_gpio.c.obj
 .debug_info    0x00008bf4      0x90e CMakeFiles/NUCLEO-F767ZI-test.dir/Drivers/STM32F7xx_HAL_Driver/Src/stm32f7xx_hal_pwr.c.obj
 .debug_info    0x00009502      0x8cd CMakeFiles/NUCLEO-F767ZI-test.dir/Drivers/STM32F7xx_HAL_Driver/Src/stm32f7xx_hal_pwr_ex.c.obj
 .debug_info    0x00009dcf      0xfc0 CMakeFiles/NUCLEO-F767ZI-test.dir/Drivers/STM32F7xx_HAL_Driver/Src/stm32f7xx_hal_cortex.c.obj
 .debug_info    0x0000ad8f      0xa4c CMakeFiles/NUCLEO-F767ZI-test.dir/Drivers/STM32F7xx_HAL_Driver/Src/stm32f7xx_hal.c.obj
 .debug_info    0x0000b7db     0x2138 CMakeFiles/NUCLEO-F767ZI-test.dir/Drivers/STM32F7xx_HAL_Driver/Src/stm32f7xx_hal_i2c.c.obj
 .debug_info    0x0000d913      0x92e CMakeFiles/NUCLEO-F767ZI-test.dir/Drivers/STM32F7xx_HAL_Driver/Src/stm32f7xx_hal_i2c_ex.c.obj
 .debug_info    0x0000e241     0x218c CMakeFiles/NUCLEO-F767ZI-test.dir/Drivers/STM32F7xx_HAL_Driver/Src/stm32f7xx_hal_eth.c.obj
 .debug_info    0x000103cd     0x169b CMakeFiles/NUCLEO-F767ZI-test.dir/Drivers/STM32F7xx_HAL_Driver/Src/stm32f7xx_hal_spi.c.obj
 .debug_info    0x00011a68     0x2ad5 CMakeFiles/NUCLEO-F767ZI-test.dir/Drivers/STM32F7xx_HAL_Driver/Src/stm32f7xx_hal_tim.c.obj
 .debug_info    0x0001453d     0x16bb CMakeFiles/NUCLEO-F767ZI-test.dir/Drivers/STM32F7xx_HAL_Driver/Src/stm32f7xx_hal_tim_ex.c.obj
 .debug_info    0x00015bf8     0x3adc CMakeFiles/NUCLEO-F767ZI-test.dir/Drivers/STM32F7xx_HAL_Driver/Src/stm32f7xx_hal_uart.c.obj
 .debug_info    0x000196d4     0x1599 CMakeFiles/NUCLEO-F767ZI-test.dir/Drivers/STM32F7xx_HAL_Driver/Src/stm32f7xx_hal_pcd.c.obj
 .debug_info    0x0001ac6d      0x7a3 CMakeFiles/NUCLEO-F767ZI-test.dir/Drivers/STM32F7xx_HAL_Driver/Src/stm32f7xx_hal_pcd_ex.c.obj
 .debug_info    0x0001b410     0x19fc CMakeFiles/NUCLEO-F767ZI-test.dir/Drivers/STM32F7xx_HAL_Driver/Src/stm32f7xx_ll_usb.c.obj
 .debug_info    0x0001ce0c      0x6ed CMakeFiles/NUCLEO-F767ZI-test.dir/Core/Src/system_stm32f7xx.c.obj
 .debug_info    0x0001d4f9       0x30 CMakeFiles/NUCLEO-F767ZI-test.dir/startup_stm32f767xx.s.obj

.debug_abbrev   0x00000000     0x3fcd
 .debug_abbrev  0x00000000      0x202 CMakeFiles/NUCLEO-F767ZI-test.dir/Core/Src/main.c.obj
 .debug_abbrev  0x00000202      0x152 CMakeFiles/NUCLEO-F767ZI-test.dir/Core/Src/gpio.c.obj
 .debug_abbrev  0x00000354      0x1f3 CMakeFiles/NUCLEO-F767ZI-test.dir/Core/Src/adc.c.obj
 .debug_abbrev  0x00000547      0x249 CMakeFiles/NUCLEO-F767ZI-test.dir/Core/Src/eth.c.obj
 .debug_abbrev  0x00000790      0x257 CMakeFiles/NUCLEO-F767ZI-test.dir/Core/Src/i2c.c.obj
 .debug_abbrev  0x000009e7      0x235 CMakeFiles/NUCLEO-F767ZI-test.dir/Core/Src/spi.c.obj
 .debug_abbrev  0x00000c1c      0x219 CMakeFiles/NUCLEO-F767ZI-test.dir/Core/Src/tim.c.obj
 .debug_abbrev  0x00000e35      0x23b CMakeFiles/NUCLEO-F767ZI-test.dir/Core/Src/usart.c.obj
 .debug_abbrev  0x00001070      0x230 CMakeFiles/NUCLEO-F767ZI-test.dir/Core/Src/usb_otg.c.obj
 .debug_abbrev  0x000012a0       0x73 CMakeFiles/NUCLEO-F767ZI-test.dir/Core/Src/stm32f7xx_it.c.obj
 .debug_abbrev  0x00001313       0xd8 CMakeFiles/NUCLEO-F767ZI-test.dir/Core/Src/stm32f7xx_hal_msp.c.obj
 .debug_abbrev  0x000013eb      0x252 CMakeFiles/NUCLEO-F767ZI-test.dir/Drivers/STM32F7xx_HAL_Driver/Src/stm32f7xx_hal_adc.c.obj
 .debug_abbrev  0x0000163d      0x2de CMakeFiles/NUCLEO-F767ZI-test.dir/Drivers/STM32F7xx_HAL_Driver/Src/stm32f7xx_hal_rcc.c.obj
 .debug_abbrev  0x0000191b      0x1c9 CMakeFiles/NUCLEO-F767ZI-test.dir/Drivers/STM32F7xx_HAL_Driver/Src/stm32f7xx_hal_rcc_ex.c.obj
 .debug_abbrev  0x00001ae4      0x1d4 CMakeFiles/NUCLEO-F767ZI-test.dir/Drivers/STM32F7xx_HAL_Driver/Src/stm32f7xx_hal_gpio.c.obj
 .debug_abbrev  0x00001cb8      0x1c5 CMakeFiles/NUCLEO-F767ZI-test.dir/Drivers/STM32F7xx_HAL_Driver/Src/stm32f7xx_hal_pwr.c.obj
 .debug_abbrev  0x00001e7d      0x1d5 CMakeFiles/NUCLEO-F767ZI-test.dir/Drivers/STM32F7xx_HAL_Driver/Src/stm32f7xx_hal_pwr_ex.c.obj
 .debug_abbrev  0x00002052      0x31e CMakeFiles/NUCLEO-F767ZI-test.dir/Drivers/STM32F7xx_HAL_Driver/Src/stm32f7xx_hal_cortex.c.obj
 .debug_abbrev  0x00002370      0x213 CMakeFiles/NUCLEO-F767ZI-test.dir/Drivers/STM32F7xx_HAL_Driver/Src/stm32f7xx_hal.c.obj
 .debug_abbrev  0x00002583      0x260 CMakeFiles/NUCLEO-F767ZI-test.dir/Drivers/STM32F7xx_HAL_Driver/Src/stm32f7xx_hal_i2c.c.obj
 .debug_abbrev  0x000027e3      0x19c CMakeFiles/NUCLEO-F767ZI-test.dir/Drivers/STM32F7xx_HAL_Driver/Src/stm32f7xx_hal_i2c_ex.c.obj
 .debug_abbrev  0x0000297f      0x35a CMakeFiles/NUCLEO-F767ZI-test.dir/Drivers/STM32F7xx_HAL_Driver/Src/stm32f7xx_hal_eth.c.obj
 .debug_abbrev  0x00002cd9      0x269 CMakeFiles/NUCLEO-F767ZI-test.dir/Drivers/STM32F7xx_HAL_Driver/Src/stm32f7xx_hal_spi.c.obj
 .debug_abbrev  0x00002f42      0x278 CMakeFiles/NUCLEO-F767ZI-test.dir/Drivers/STM32F7xx_HAL_Driver/Src/stm32f7xx_hal_tim.c.obj
 .debug_abbrev  0x000031ba      0x283 CMakeFiles/NUCLEO-F767ZI-test.dir/Drivers/STM32F7xx_HAL_Driver/Src/stm32f7xx_hal_tim_ex.c.obj
 .debug_abbrev  0x0000343d      0x2e6 CMakeFiles/NUCLEO-F767ZI-test.dir/Drivers/STM32F7xx_HAL_Driver/Src/stm32f7xx_hal_uart.c.obj
 .debug_abbrev  0x00003723      0x2ee CMakeFiles/NUCLEO-F767ZI-test.dir/Drivers/STM32F7xx_HAL_Driver/Src/stm32f7xx_hal_pcd.c.obj
 .debug_abbrev  0x00003a11      0x1ca CMakeFiles/NUCLEO-F767ZI-test.dir/Drivers/STM32F7xx_HAL_Driver/Src/stm32f7xx_hal_pcd_ex.c.obj
 .debug_abbrev  0x00003bdb      0x293 CMakeFiles/NUCLEO-F767ZI-test.dir/Drivers/STM32F7xx_HAL_Driver/Src/stm32f7xx_ll_usb.c.obj
 .debug_abbrev  0x00003e6e      0x13b CMakeFiles/NUCLEO-F767ZI-test.dir/Core/Src/system_stm32f7xx.c.obj
 .debug_abbrev  0x00003fa9       0x24 CMakeFiles/NUCLEO-F767ZI-test.dir/startup_stm32f767xx.s.obj

.debug_aranges  0x00000000     0x1998
 .debug_aranges
                0x00000000       0x30 CMakeFiles/NUCLEO-F767ZI-test.dir/Core/Src/main.c.obj
 .debug_aranges
                0x00000030       0x20 CMakeFiles/NUCLEO-F767ZI-test.dir/Core/Src/gpio.c.obj
 .debug_aranges
                0x00000050       0x30 CMakeFiles/NUCLEO-F767ZI-test.dir/Core/Src/adc.c.obj
 .debug_aranges
                0x00000080       0x30 CMakeFiles/NUCLEO-F767ZI-test.dir/Core/Src/eth.c.obj
 .debug_aranges
                0x000000b0       0x40 CMakeFiles/NUCLEO-F767ZI-test.dir/Core/Src/i2c.c.obj
 .debug_aranges
                0x000000f0       0x50 CMakeFiles/NUCLEO-F767ZI-test.dir/Core/Src/spi.c.obj
 .debug_aranges
                0x00000140       0x38 CMakeFiles/NUCLEO-F767ZI-test.dir/Core/Src/tim.c.obj
 .debug_aranges
                0x00000178       0x60 CMakeFiles/NUCLEO-F767ZI-test.dir/Core/Src/usart.c.obj
 .debug_aranges
                0x000001d8       0x30 CMakeFiles/NUCLEO-F767ZI-test.dir/Core/Src/usb_otg.c.obj
 .debug_aranges
                0x00000208       0x60 CMakeFiles/NUCLEO-F767ZI-test.dir/Core/Src/stm32f7xx_it.c.obj
 .debug_aranges
                0x00000268       0x20 CMakeFiles/NUCLEO-F767ZI-test.dir/Core/Src/stm32f7xx_hal_msp.c.obj
 .debug_aranges
                0x00000288       0xe8 CMakeFiles/NUCLEO-F767ZI-test.dir/Drivers/STM32F7xx_HAL_Driver/Src/stm32f7xx_hal_adc.c.obj
 .debug_aranges
                0x00000370       0x88 CMakeFiles/NUCLEO-F767ZI-test.dir/Drivers/STM32F7xx_HAL_Driver/Src/stm32f7xx_hal_rcc.c.obj
 .debug_aranges
                0x000003f8       0x50 CMakeFiles/NUCLEO-F767ZI-test.dir/Drivers/STM32F7xx_HAL_Driver/Src/stm32f7xx_hal_rcc_ex.c.obj
 .debug_aranges
                0x00000448       0x58 CMakeFiles/NUCLEO-F767ZI-test.dir/Drivers/STM32F7xx_HAL_Driver/Src/stm32f7xx_hal_gpio.c.obj
 .debug_aranges
                0x000004a0       0xa0 CMakeFiles/NUCLEO-F767ZI-test.dir/Drivers/STM32F7xx_HAL_Driver/Src/stm32f7xx_hal_pwr.c.obj
 .debug_aranges
                0x00000540       0x80 CMakeFiles/NUCLEO-F767ZI-test.dir/Drivers/STM32F7xx_HAL_Driver/Src/stm32f7xx_hal_pwr_ex.c.obj
 .debug_aranges
                0x000005c0      0x128 CMakeFiles/NUCLEO-F767ZI-test.dir/Drivers/STM32F7xx_HAL_Driver/Src/stm32f7xx_hal_cortex.c.obj
 .debug_aranges
                0x000006e8      0x110 CMakeFiles/NUCLEO-F767ZI-test.dir/Drivers/STM32F7xx_HAL_Driver/Src/stm32f7xx_hal.c.obj
 .debug_aranges
                0x000007f8      0x2a0 CMakeFiles/NUCLEO-F767ZI-test.dir/Drivers/STM32F7xx_HAL_Driver/Src/stm32f7xx_hal_i2c.c.obj
 .debug_aranges
                0x00000a98       0x38 CMakeFiles/NUCLEO-F767ZI-test.dir/Drivers/STM32F7xx_HAL_Driver/Src/stm32f7xx_hal_i2c_ex.c.obj
 .debug_aranges
                0x00000ad0      0x1e0 CMakeFiles/NUCLEO-F767ZI-test.dir/Drivers/STM32F7xx_HAL_Driver/Src/stm32f7xx_hal_eth.c.obj
 .debug_aranges
                0x00000cb0      0x1d8 CMakeFiles/NUCLEO-F767ZI-test.dir/Drivers/STM32F7xx_HAL_Driver/Src/stm32f7xx_hal_spi.c.obj
 .debug_aranges
                0x00000e88      0x3e0 CMakeFiles/NUCLEO-F767ZI-test.dir/Drivers/STM32F7xx_HAL_Driver/Src/stm32f7xx_hal_tim.c.obj
 .debug_aranges
                0x00001268      0x180 CMakeFiles/NUCLEO-F767ZI-test.dir/Drivers/STM32F7xx_HAL_Driver/Src/stm32f7xx_hal_tim_ex.c.obj
 .debug_aranges
                0x000013e8      0x230 CMakeFiles/NUCLEO-F767ZI-test.dir/Drivers/STM32F7xx_HAL_Driver/Src/stm32f7xx_hal_uart.c.obj
 .debug_aranges
                0x00001618      0x148 CMakeFiles/NUCLEO-F767ZI-test.dir/Drivers/STM32F7xx_HAL_Driver/Src/stm32f7xx_hal_pcd.c.obj
 .debug_aranges
                0x00001760       0x48 CMakeFiles/NUCLEO-F767ZI-test.dir/Drivers/STM32F7xx_HAL_Driver/Src/stm32f7xx_hal_pcd_ex.c.obj
 .debug_aranges
                0x000017a8      0x1a0 CMakeFiles/NUCLEO-F767ZI-test.dir/Drivers/STM32F7xx_HAL_Driver/Src/stm32f7xx_ll_usb.c.obj
 .debug_aranges
                0x00001948       0x28 CMakeFiles/NUCLEO-F767ZI-test.dir/Core/Src/system_stm32f7xx.c.obj
 .debug_aranges
                0x00001970       0x28 CMakeFiles/NUCLEO-F767ZI-test.dir/startup_stm32f767xx.s.obj

.debug_rnglists
                0x00000000     0x13f5
 .debug_rnglists
                0x00000000       0x20 CMakeFiles/NUCLEO-F767ZI-test.dir/Core/Src/main.c.obj
 .debug_rnglists
                0x00000020       0x14 CMakeFiles/NUCLEO-F767ZI-test.dir/Core/Src/gpio.c.obj
 .debug_rnglists
                0x00000034       0x21 CMakeFiles/NUCLEO-F767ZI-test.dir/Core/Src/adc.c.obj
 .debug_rnglists
                0x00000055       0x21 CMakeFiles/NUCLEO-F767ZI-test.dir/Core/Src/eth.c.obj
 .debug_rnglists
                0x00000076       0x30 CMakeFiles/NUCLEO-F767ZI-test.dir/Core/Src/i2c.c.obj
 .debug_rnglists
                0x000000a6       0x39 CMakeFiles/NUCLEO-F767ZI-test.dir/Core/Src/spi.c.obj
 .debug_rnglists
                0x000000df       0x26 CMakeFiles/NUCLEO-F767ZI-test.dir/Core/Src/tim.c.obj
 .debug_rnglists
                0x00000105       0x45 CMakeFiles/NUCLEO-F767ZI-test.dir/Core/Src/usart.c.obj
 .debug_rnglists
                0x0000014a       0x20 CMakeFiles/NUCLEO-F767ZI-test.dir/Core/Src/usb_otg.c.obj
 .debug_rnglists
                0x0000016a       0x43 CMakeFiles/NUCLEO-F767ZI-test.dir/Core/Src/stm32f7xx_it.c.obj
 .debug_rnglists
                0x000001ad       0x13 CMakeFiles/NUCLEO-F767ZI-test.dir/Core/Src/stm32f7xx_hal_msp.c.obj
 .debug_rnglists
                0x000001c0       0xb5 CMakeFiles/NUCLEO-F767ZI-test.dir/Drivers/STM32F7xx_HAL_Driver/Src/stm32f7xx_hal_adc.c.obj
 .debug_rnglists
                0x00000275       0x67 CMakeFiles/NUCLEO-F767ZI-test.dir/Drivers/STM32F7xx_HAL_Driver/Src/stm32f7xx_hal_rcc.c.obj
 .debug_rnglists
                0x000002dc       0x3c CMakeFiles/NUCLEO-F767ZI-test.dir/Drivers/STM32F7xx_HAL_Driver/Src/stm32f7xx_hal_rcc_ex.c.obj
 .debug_rnglists
                0x00000318       0x3f CMakeFiles/NUCLEO-F767ZI-test.dir/Drivers/STM32F7xx_HAL_Driver/Src/stm32f7xx_hal_gpio.c.obj
 .debug_rnglists
                0x00000357       0x74 CMakeFiles/NUCLEO-F767ZI-test.dir/Drivers/STM32F7xx_HAL_Driver/Src/stm32f7xx_hal_pwr.c.obj
 .debug_rnglists
                0x000003cb       0x5f CMakeFiles/NUCLEO-F767ZI-test.dir/Drivers/STM32F7xx_HAL_Driver/Src/stm32f7xx_hal_pwr_ex.c.obj
 .debug_rnglists
                0x0000042a       0xda CMakeFiles/NUCLEO-F767ZI-test.dir/Drivers/STM32F7xx_HAL_Driver/Src/stm32f7xx_hal_cortex.c.obj
 .debug_rnglists
                0x00000504       0xc7 CMakeFiles/NUCLEO-F767ZI-test.dir/Drivers/STM32F7xx_HAL_Driver/Src/stm32f7xx_hal.c.obj
 .debug_rnglists
                0x000005cb      0x228 CMakeFiles/NUCLEO-F767ZI-test.dir/Drivers/STM32F7xx_HAL_Driver/Src/stm32f7xx_hal_i2c.c.obj
 .debug_rnglists
                0x000007f3       0x27 CMakeFiles/NUCLEO-F767ZI-test.dir/Drivers/STM32F7xx_HAL_Driver/Src/stm32f7xx_hal_i2c_ex.c.obj
 .debug_rnglists
                0x0000081a      0x17d CMakeFiles/NUCLEO-F767ZI-test.dir/Drivers/STM32F7xx_HAL_Driver/Src/stm32f7xx_hal_eth.c.obj
 .debug_rnglists
                0x00000997      0x178 CMakeFiles/NUCLEO-F767ZI-test.dir/Drivers/STM32F7xx_HAL_Driver/Src/stm32f7xx_hal_spi.c.obj
 .debug_rnglists
                0x00000b0f      0x328 CMakeFiles/NUCLEO-F767ZI-test.dir/Drivers/STM32F7xx_HAL_Driver/Src/stm32f7xx_hal_tim.c.obj
 .debug_rnglists
                0x00000e37      0x138 CMakeFiles/NUCLEO-F767ZI-test.dir/Drivers/STM32F7xx_HAL_Driver/Src/stm32f7xx_hal_tim_ex.c.obj
 .debug_rnglists
                0x00000f6f      0x1e0 CMakeFiles/NUCLEO-F767ZI-test.dir/Drivers/STM32F7xx_HAL_Driver/Src/stm32f7xx_hal_uart.c.obj
 .debug_rnglists
                0x0000114f       0xfa CMakeFiles/NUCLEO-F767ZI-test.dir/Drivers/STM32F7xx_HAL_Driver/Src/stm32f7xx_hal_pcd.c.obj
 .debug_rnglists
                0x00001249       0x32 CMakeFiles/NUCLEO-F767ZI-test.dir/Drivers/STM32F7xx_HAL_Driver/Src/stm32f7xx_hal_pcd_ex.c.obj
 .debug_rnglists
                0x0000127b      0x147 CMakeFiles/NUCLEO-F767ZI-test.dir/Drivers/STM32F7xx_HAL_Driver/Src/stm32f7xx_ll_usb.c.obj
 .debug_rnglists
                0x000013c2       0x1a CMakeFiles/NUCLEO-F767ZI-test.dir/Core/Src/system_stm32f7xx.c.obj
 .debug_rnglists
                0x000013dc       0x19 CMakeFiles/NUCLEO-F767ZI-test.dir/startup_stm32f767xx.s.obj

.debug_macro    0x00000000    0x2bfb7
 .debug_macro   0x00000000      0x2a2 CMakeFiles/NUCLEO-F767ZI-test.dir/Core/Src/main.c.obj
 .debug_macro   0x000002a2      0xacc CMakeFiles/NUCLEO-F767ZI-test.dir/Core/Src/main.c.obj
 .debug_macro   0x00000d6e      0x2ab CMakeFiles/NUCLEO-F767ZI-test.dir/Core/Src/main.c.obj
 .debug_macro   0x00001019       0x2e CMakeFiles/NUCLEO-F767ZI-test.dir/Core/Src/main.c.obj
 .debug_macro   0x00001047       0x3b CMakeFiles/NUCLEO-F767ZI-test.dir/Core/Src/main.c.obj
 .debug_macro   0x00001082       0x22 CMakeFiles/NUCLEO-F767ZI-test.dir/Core/Src/main.c.obj
 .debug_macro   0x000010a4       0x8e CMakeFiles/NUCLEO-F767ZI-test.dir/Core/Src/main.c.obj
 .debug_macro   0x00001132       0x51 CMakeFiles/NUCLEO-F767ZI-test.dir/Core/Src/main.c.obj
 .debug_macro   0x00001183      0x103 CMakeFiles/NUCLEO-F767ZI-test.dir/Core/Src/main.c.obj
 .debug_macro   0x00001286       0x6a CMakeFiles/NUCLEO-F767ZI-test.dir/Core/Src/main.c.obj
 .debug_macro   0x000012f0      0x1df CMakeFiles/NUCLEO-F767ZI-test.dir/Core/Src/main.c.obj
 .debug_macro   0x000014cf       0x1c CMakeFiles/NUCLEO-F767ZI-test.dir/Core/Src/main.c.obj
 .debug_macro   0x000014eb       0x22 CMakeFiles/NUCLEO-F767ZI-test.dir/Core/Src/main.c.obj
 .debug_macro   0x0000150d       0xd9 CMakeFiles/NUCLEO-F767ZI-test.dir/Core/Src/main.c.obj
 .debug_macro   0x000015e6     0x12cd CMakeFiles/NUCLEO-F767ZI-test.dir/Core/Src/main.c.obj
 .debug_macro   0x000028b3      0x11f CMakeFiles/NUCLEO-F767ZI-test.dir/Core/Src/main.c.obj
 .debug_macro   0x000029d2       0x19 CMakeFiles/NUCLEO-F767ZI-test.dir/Core/Src/main.c.obj
 .debug_macro   0x000029eb    0x1aa23 CMakeFiles/NUCLEO-F767ZI-test.dir/Core/Src/main.c.obj
 .debug_macro   0x0001d40e       0x6d CMakeFiles/NUCLEO-F767ZI-test.dir/Core/Src/main.c.obj
 .debug_macro   0x0001d47b     0x3765 CMakeFiles/NUCLEO-F767ZI-test.dir/Core/Src/main.c.obj
 .debug_macro   0x00020be0      0x189 CMakeFiles/NUCLEO-F767ZI-test.dir/Core/Src/main.c.obj
 .debug_macro   0x00020d69       0x63 CMakeFiles/NUCLEO-F767ZI-test.dir/Core/Src/main.c.obj
 .debug_macro   0x00020dcc     0x1add CMakeFiles/NUCLEO-F767ZI-test.dir/Core/Src/main.c.obj
 .debug_macro   0x000228a9      0x6c4 CMakeFiles/NUCLEO-F767ZI-test.dir/Core/Src/main.c.obj
 .debug_macro   0x00022f6d      0x18b CMakeFiles/NUCLEO-F767ZI-test.dir/Core/Src/main.c.obj
 .debug_macro   0x000230f8      0x115 CMakeFiles/NUCLEO-F767ZI-test.dir/Core/Src/main.c.obj
 .debug_macro   0x0002320d      0x26e CMakeFiles/NUCLEO-F767ZI-test.dir/Core/Src/main.c.obj
 .debug_macro   0x0002347b       0xa5 CMakeFiles/NUCLEO-F767ZI-test.dir/Core/Src/main.c.obj
 .debug_macro   0x00023520      0x24f CMakeFiles/NUCLEO-F767ZI-test.dir/Core/Src/main.c.obj
 .debug_macro   0x0002376f       0x71 CMakeFiles/NUCLEO-F767ZI-test.dir/Core/Src/main.c.obj
 .debug_macro   0x000237e0       0x58 CMakeFiles/NUCLEO-F767ZI-test.dir/Core/Src/main.c.obj
 .debug_macro   0x00023838      0x236 CMakeFiles/NUCLEO-F767ZI-test.dir/Core/Src/main.c.obj
 .debug_macro   0x00023a6e      0x416 CMakeFiles/NUCLEO-F767ZI-test.dir/Core/Src/main.c.obj
 .debug_macro   0x00023e84      0x153 CMakeFiles/NUCLEO-F767ZI-test.dir/Core/Src/main.c.obj
 .debug_macro   0x00023fd7      0x107 CMakeFiles/NUCLEO-F767ZI-test.dir/Core/Src/main.c.obj
 .debug_macro   0x000240de      0xb99 CMakeFiles/NUCLEO-F767ZI-test.dir/Core/Src/main.c.obj
 .debug_macro   0x00024c77      0x14e CMakeFiles/NUCLEO-F767ZI-test.dir/Core/Src/main.c.obj
 .debug_macro   0x00024dc5      0x3db CMakeFiles/NUCLEO-F767ZI-test.dir/Core/Src/main.c.obj
 .debug_macro   0x000251a0       0x12 CMakeFiles/NUCLEO-F767ZI-test.dir/Core/Src/main.c.obj
 .debug_macro   0x000251b2      0x22c CMakeFiles/NUCLEO-F767ZI-test.dir/Core/Src/main.c.obj
 .debug_macro   0x000253de       0x61 CMakeFiles/NUCLEO-F767ZI-test.dir/Core/Src/main.c.obj
 .debug_macro   0x0002543f       0xa5 CMakeFiles/NUCLEO-F767ZI-test.dir/Core/Src/main.c.obj
 .debug_macro   0x000254e4      0x12e CMakeFiles/NUCLEO-F767ZI-test.dir/Core/Src/main.c.obj
 .debug_macro   0x00025612      0x108 CMakeFiles/NUCLEO-F767ZI-test.dir/Core/Src/main.c.obj
 .debug_macro   0x0002571a       0x35 CMakeFiles/NUCLEO-F767ZI-test.dir/Core/Src/main.c.obj
 .debug_macro   0x0002574f      0x2fe CMakeFiles/NUCLEO-F767ZI-test.dir/Core/Src/main.c.obj
 .debug_macro   0x00025a4d      0xa91 CMakeFiles/NUCLEO-F767ZI-test.dir/Core/Src/main.c.obj
 .debug_macro   0x000264de       0xa9 CMakeFiles/NUCLEO-F767ZI-test.dir/Core/Src/main.c.obj
 .debug_macro   0x00026587      0x5ba CMakeFiles/NUCLEO-F767ZI-test.dir/Core/Src/main.c.obj
 .debug_macro   0x00026b41       0x44 CMakeFiles/NUCLEO-F767ZI-test.dir/Core/Src/main.c.obj
 .debug_macro   0x00026b85      0x2cb CMakeFiles/NUCLEO-F767ZI-test.dir/Core/Src/main.c.obj
 .debug_macro   0x00026e50       0xba CMakeFiles/NUCLEO-F767ZI-test.dir/Core/Src/main.c.obj
 .debug_macro   0x00026f0a      0x15b CMakeFiles/NUCLEO-F767ZI-test.dir/Core/Src/main.c.obj
 .debug_macro   0x00027065      0x26e CMakeFiles/NUCLEO-F767ZI-test.dir/Core/Src/main.c.obj
 .debug_macro   0x000272d3      0x258 CMakeFiles/NUCLEO-F767ZI-test.dir/Core/Src/gpio.c.obj
 .debug_macro   0x0002752b      0x258 CMakeFiles/NUCLEO-F767ZI-test.dir/Core/Src/adc.c.obj
 .debug_macro   0x00027783      0x317 CMakeFiles/NUCLEO-F767ZI-test.dir/Core/Src/eth.c.obj
 .debug_macro   0x00027a9a       0x74 CMakeFiles/NUCLEO-F767ZI-test.dir/Core/Src/eth.c.obj
 .debug_macro   0x00027b0e       0x29 CMakeFiles/NUCLEO-F767ZI-test.dir/Core/Src/eth.c.obj
 .debug_macro   0x00027b37       0x3c CMakeFiles/NUCLEO-F767ZI-test.dir/Core/Src/eth.c.obj
 .debug_macro   0x00027b73       0x34 CMakeFiles/NUCLEO-F767ZI-test.dir/Core/Src/eth.c.obj
 .debug_macro   0x00027ba7       0x16 CMakeFiles/NUCLEO-F767ZI-test.dir/Core/Src/eth.c.obj
 .debug_macro   0x00027bbd       0x43 CMakeFiles/NUCLEO-F767ZI-test.dir/Core/Src/eth.c.obj
 .debug_macro   0x00027c00       0x34 CMakeFiles/NUCLEO-F767ZI-test.dir/Core/Src/eth.c.obj
 .debug_macro   0x00027c34       0x10 CMakeFiles/NUCLEO-F767ZI-test.dir/Core/Src/eth.c.obj
 .debug_macro   0x00027c44       0x58 CMakeFiles/NUCLEO-F767ZI-test.dir/Core/Src/eth.c.obj
 .debug_macro   0x00027c9c      0x1de CMakeFiles/NUCLEO-F767ZI-test.dir/Core/Src/eth.c.obj
 .debug_macro   0x00027e7a      0x369 CMakeFiles/NUCLEO-F767ZI-test.dir/Core/Src/eth.c.obj
 .debug_macro   0x000281e3       0x10 CMakeFiles/NUCLEO-F767ZI-test.dir/Core/Src/eth.c.obj
 .debug_macro   0x000281f3       0x35 CMakeFiles/NUCLEO-F767ZI-test.dir/Core/Src/eth.c.obj
 .debug_macro   0x00028228       0x20 CMakeFiles/NUCLEO-F767ZI-test.dir/Core/Src/eth.c.obj
 .debug_macro   0x00028248      0x258 CMakeFiles/NUCLEO-F767ZI-test.dir/Core/Src/i2c.c.obj
 .debug_macro   0x000284a0      0x258 CMakeFiles/NUCLEO-F767ZI-test.dir/Core/Src/spi.c.obj
 .debug_macro   0x000286f8      0x258 CMakeFiles/NUCLEO-F767ZI-test.dir/Core/Src/tim.c.obj
 .debug_macro   0x00028950      0x258 CMakeFiles/NUCLEO-F767ZI-test.dir/Core/Src/usart.c.obj
 .debug_macro   0x00028ba8      0x258 CMakeFiles/NUCLEO-F767ZI-test.dir/Core/Src/usb_otg.c.obj
 .debug_macro   0x00028e00      0x258 CMakeFiles/NUCLEO-F767ZI-test.dir/Core/Src/stm32f7xx_it.c.obj
 .debug_macro   0x00029058      0x24e CMakeFiles/NUCLEO-F767ZI-test.dir/Core/Src/stm32f7xx_hal_msp.c.obj
 .debug_macro   0x000292a6      0x240 CMakeFiles/NUCLEO-F767ZI-test.dir/Drivers/STM32F7xx_HAL_Driver/Src/stm32f7xx_hal_adc.c.obj
 .debug_macro   0x000294e6      0x263 CMakeFiles/NUCLEO-F767ZI-test.dir/Drivers/STM32F7xx_HAL_Driver/Src/stm32f7xx_hal_rcc.c.obj
 .debug_macro   0x00029749      0x23f CMakeFiles/NUCLEO-F767ZI-test.dir/Drivers/STM32F7xx_HAL_Driver/Src/stm32f7xx_hal_rcc_ex.c.obj
 .debug_macro   0x00029988      0x245 CMakeFiles/NUCLEO-F767ZI-test.dir/Drivers/STM32F7xx_HAL_Driver/Src/stm32f7xx_hal_gpio.c.obj
 .debug_macro   0x00029bcd      0x25d CMakeFiles/NUCLEO-F767ZI-test.dir/Drivers/STM32F7xx_HAL_Driver/Src/stm32f7xx_hal_pwr.c.obj
 .debug_macro   0x00029e2a      0x257 CMakeFiles/NUCLEO-F767ZI-test.dir/Drivers/STM32F7xx_HAL_Driver/Src/stm32f7xx_hal_pwr_ex.c.obj
 .debug_macro   0x0002a081      0x23f CMakeFiles/NUCLEO-F767ZI-test.dir/Drivers/STM32F7xx_HAL_Driver/Src/stm32f7xx_hal_cortex.c.obj
 .debug_macro   0x0002a2c0      0x263 CMakeFiles/NUCLEO-F767ZI-test.dir/Drivers/STM32F7xx_HAL_Driver/Src/stm32f7xx_hal.c.obj
 .debug_macro   0x0002a523      0x30b CMakeFiles/NUCLEO-F767ZI-test.dir/Drivers/STM32F7xx_HAL_Driver/Src/stm32f7xx_hal_i2c.c.obj
 .debug_macro   0x0002a82e      0x23f CMakeFiles/NUCLEO-F767ZI-test.dir/Drivers/STM32F7xx_HAL_Driver/Src/stm32f7xx_hal_i2c_ex.c.obj
 .debug_macro   0x0002aa6d      0x319 CMakeFiles/NUCLEO-F767ZI-test.dir/Drivers/STM32F7xx_HAL_Driver/Src/stm32f7xx_hal_eth.c.obj
 .debug_macro   0x0002ad86      0x24e CMakeFiles/NUCLEO-F767ZI-test.dir/Drivers/STM32F7xx_HAL_Driver/Src/stm32f7xx_hal_spi.c.obj
 .debug_macro   0x0002afd4      0x240 CMakeFiles/NUCLEO-F767ZI-test.dir/Drivers/STM32F7xx_HAL_Driver/Src/stm32f7xx_hal_tim.c.obj
 .debug_macro   0x0002b214      0x23f CMakeFiles/NUCLEO-F767ZI-test.dir/Drivers/STM32F7xx_HAL_Driver/Src/stm32f7xx_hal_tim_ex.c.obj
 .debug_macro   0x0002b453      0x25c CMakeFiles/NUCLEO-F767ZI-test.dir/Drivers/STM32F7xx_HAL_Driver/Src/stm32f7xx_hal_uart.c.obj
 .debug_macro   0x0002b6af      0x24b CMakeFiles/NUCLEO-F767ZI-test.dir/Drivers/STM32F7xx_HAL_Driver/Src/stm32f7xx_hal_pcd.c.obj
 .debug_macro   0x0002b8fa      0x23f CMakeFiles/NUCLEO-F767ZI-test.dir/Drivers/STM32F7xx_HAL_Driver/Src/stm32f7xx_hal_pcd_ex.c.obj
 .debug_macro   0x0002bb39      0x23f CMakeFiles/NUCLEO-F767ZI-test.dir/Drivers/STM32F7xx_HAL_Driver/Src/stm32f7xx_ll_usb.c.obj
 .debug_macro   0x0002bd78      0x23f CMakeFiles/NUCLEO-F767ZI-test.dir/Core/Src/system_stm32f7xx.c.obj

.debug_line     0x00000000    0x21e0d
 .debug_line    0x00000000      0x8a1 CMakeFiles/NUCLEO-F767ZI-test.dir/Core/Src/main.c.obj
 .debug_line    0x000008a1      0x858 CMakeFiles/NUCLEO-F767ZI-test.dir/Core/Src/gpio.c.obj
 .debug_line    0x000010f9      0x838 CMakeFiles/NUCLEO-F767ZI-test.dir/Core/Src/adc.c.obj
 .debug_line    0x00001931      0x900 CMakeFiles/NUCLEO-F767ZI-test.dir/Core/Src/eth.c.obj
 .debug_line    0x00002231      0x967 CMakeFiles/NUCLEO-F767ZI-test.dir/Core/Src/i2c.c.obj
 .debug_line    0x00002b98      0xa71 CMakeFiles/NUCLEO-F767ZI-test.dir/Core/Src/spi.c.obj
 .debug_line    0x00003609      0x8bd CMakeFiles/NUCLEO-F767ZI-test.dir/Core/Src/tim.c.obj
 .debug_line    0x00003ec6      0xb66 CMakeFiles/NUCLEO-F767ZI-test.dir/Core/Src/usart.c.obj
 .debug_line    0x00004a2c      0x849 CMakeFiles/NUCLEO-F767ZI-test.dir/Core/Src/usb_otg.c.obj
 .debug_line    0x00005275      0x87b CMakeFiles/NUCLEO-F767ZI-test.dir/Core/Src/stm32f7xx_it.c.obj
 .debug_line    0x00005af0      0x7b9 CMakeFiles/NUCLEO-F767ZI-test.dir/Core/Src/stm32f7xx_hal_msp.c.obj
 .debug_line    0x000062a9     0x1313 CMakeFiles/NUCLEO-F767ZI-test.dir/Drivers/STM32F7xx_HAL_Driver/Src/stm32f7xx_hal_adc.c.obj
 .debug_line    0x000075bc      0xf3b CMakeFiles/NUCLEO-F767ZI-test.dir/Drivers/STM32F7xx_HAL_Driver/Src/stm32f7xx_hal_rcc.c.obj
 .debug_line    0x000084f7      0xf12 CMakeFiles/NUCLEO-F767ZI-test.dir/Drivers/STM32F7xx_HAL_Driver/Src/stm32f7xx_hal_rcc_ex.c.obj
 .debug_line    0x00009409      0xc61 CMakeFiles/NUCLEO-F767ZI-test.dir/Drivers/STM32F7xx_HAL_Driver/Src/stm32f7xx_hal_gpio.c.obj
 .debug_line    0x0000a06a      0x9df CMakeFiles/NUCLEO-F767ZI-test.dir/Drivers/STM32F7xx_HAL_Driver/Src/stm32f7xx_hal_pwr.c.obj
 .debug_line    0x0000aa49      0xa5f CMakeFiles/NUCLEO-F767ZI-test.dir/Drivers/STM32F7xx_HAL_Driver/Src/stm32f7xx_hal_pwr_ex.c.obj
 .debug_line    0x0000b4a8      0xd7d CMakeFiles/NUCLEO-F767ZI-test.dir/Drivers/STM32F7xx_HAL_Driver/Src/stm32f7xx_hal_cortex.c.obj
 .debug_line    0x0000c225      0xb0b CMakeFiles/NUCLEO-F767ZI-test.dir/Drivers/STM32F7xx_HAL_Driver/Src/stm32f7xx_hal.c.obj
 .debug_line    0x0000cd30     0x3b0f CMakeFiles/NUCLEO-F767ZI-test.dir/Drivers/STM32F7xx_HAL_Driver/Src/stm32f7xx_hal_i2c.c.obj
 .debug_line    0x0001083f      0x8f4 CMakeFiles/NUCLEO-F767ZI-test.dir/Drivers/STM32F7xx_HAL_Driver/Src/stm32f7xx_hal_i2c_ex.c.obj
 .debug_line    0x00011133     0x1a9b CMakeFiles/NUCLEO-F767ZI-test.dir/Drivers/STM32F7xx_HAL_Driver/Src/stm32f7xx_hal_eth.c.obj
 .debug_line    0x00012bce     0x20a5 CMakeFiles/NUCLEO-F767ZI-test.dir/Drivers/STM32F7xx_HAL_Driver/Src/stm32f7xx_hal_spi.c.obj
 .debug_line    0x00014c73     0x3d95 CMakeFiles/NUCLEO-F767ZI-test.dir/Drivers/STM32F7xx_HAL_Driver/Src/stm32f7xx_hal_tim.c.obj
 .debug_line    0x00018a08     0x1ca0 CMakeFiles/NUCLEO-F767ZI-test.dir/Drivers/STM32F7xx_HAL_Driver/Src/stm32f7xx_hal_tim_ex.c.obj
 .debug_line    0x0001a6a8     0x324c CMakeFiles/NUCLEO-F767ZI-test.dir/Drivers/STM32F7xx_HAL_Driver/Src/stm32f7xx_hal_uart.c.obj
 .debug_line    0x0001d8f4     0x1533 CMakeFiles/NUCLEO-F767ZI-test.dir/Drivers/STM32F7xx_HAL_Driver/Src/stm32f7xx_hal_pcd.c.obj
 .debug_line    0x0001ee27      0x8da CMakeFiles/NUCLEO-F767ZI-test.dir/Drivers/STM32F7xx_HAL_Driver/Src/stm32f7xx_hal_pcd_ex.c.obj
 .debug_line    0x0001f701     0x1e57 CMakeFiles/NUCLEO-F767ZI-test.dir/Drivers/STM32F7xx_HAL_Driver/Src/stm32f7xx_ll_usb.c.obj
 .debug_line    0x00021558      0x83b CMakeFiles/NUCLEO-F767ZI-test.dir/Core/Src/system_stm32f7xx.c.obj
 .debug_line    0x00021d93       0x7a CMakeFiles/NUCLEO-F767ZI-test.dir/startup_stm32f767xx.s.obj

.debug_str      0x00000000   0x10c1f4
 .debug_str     0x00000000   0x1008bd CMakeFiles/NUCLEO-F767ZI-test.dir/Core/Src/main.c.obj
                             0x100fa6 (size before relaxing)
 .debug_str     0x001008bd       0xc0 CMakeFiles/NUCLEO-F767ZI-test.dir/Core/Src/gpio.c.obj
                             0x100cab (size before relaxing)
 .debug_str     0x0010097d      0x422 CMakeFiles/NUCLEO-F767ZI-test.dir/Core/Src/adc.c.obj
                             0x10111d (size before relaxing)
 .debug_str     0x00100d9f     0x31c0 CMakeFiles/NUCLEO-F767ZI-test.dir/Core/Src/eth.c.obj
                             0x103edc (size before relaxing)
 .debug_str     0x00103f5f      0x543 CMakeFiles/NUCLEO-F767ZI-test.dir/Core/Src/i2c.c.obj
                             0x101519 (size before relaxing)
 .debug_str     0x001044a2      0x253 CMakeFiles/NUCLEO-F767ZI-test.dir/Core/Src/spi.c.obj
                             0x10119e (size before relaxing)
 .debug_str     0x001046f5      0x554 CMakeFiles/NUCLEO-F767ZI-test.dir/Core/Src/tim.c.obj
                             0x1014a0 (size before relaxing)
 .debug_str     0x00104c49      0x261 CMakeFiles/NUCLEO-F767ZI-test.dir/Core/Src/usart.c.obj
                             0x1014f4 (size before relaxing)
 .debug_str     0x00104eaa      0x414 CMakeFiles/NUCLEO-F767ZI-test.dir/Core/Src/usb_otg.c.obj
                             0x1013f9 (size before relaxing)
 .debug_str     0x001052be       0xfc CMakeFiles/NUCLEO-F767ZI-test.dir/Core/Src/stm32f7xx_it.c.obj
                             0x100b49 (size before relaxing)
 .debug_str     0x001053ba       0x5f CMakeFiles/NUCLEO-F767ZI-test.dir/Core/Src/stm32f7xx_hal_msp.c.obj
                             0x100be0 (size before relaxing)
 .debug_str     0x00105419      0x2f4 CMakeFiles/NUCLEO-F767ZI-test.dir/Drivers/STM32F7xx_HAL_Driver/Src/stm32f7xx_hal_adc.c.obj
                             0x1008c8 (size before relaxing)
 .debug_str     0x0010570d      0x2d8 CMakeFiles/NUCLEO-F767ZI-test.dir/Drivers/STM32F7xx_HAL_Driver/Src/stm32f7xx_hal_rcc.c.obj
                             0x10074a (size before relaxing)
 .debug_str     0x001059e5      0x182 CMakeFiles/NUCLEO-F767ZI-test.dir/Drivers/STM32F7xx_HAL_Driver/Src/stm32f7xx_hal_rcc_ex.c.obj
                             0x1006ad (size before relaxing)
 .debug_str     0x00105b67      0x148 CMakeFiles/NUCLEO-F767ZI-test.dir/Drivers/STM32F7xx_HAL_Driver/Src/stm32f7xx_hal_gpio.c.obj
                             0x10048d (size before relaxing)
 .debug_str     0x00105caf      0x3f4 CMakeFiles/NUCLEO-F767ZI-test.dir/Drivers/STM32F7xx_HAL_Driver/Src/stm32f7xx_hal_pwr.c.obj
                             0x100670 (size before relaxing)
 .debug_str     0x001060a3      0x1e8 CMakeFiles/NUCLEO-F767ZI-test.dir/Drivers/STM32F7xx_HAL_Driver/Src/stm32f7xx_hal_pwr_ex.c.obj
                             0x10063e (size before relaxing)
 .debug_str     0x0010628b      0xa29 CMakeFiles/NUCLEO-F767ZI-test.dir/Drivers/STM32F7xx_HAL_Driver/Src/stm32f7xx_hal_cortex.c.obj
                             0x100df1 (size before relaxing)
 .debug_str     0x00106cb4      0x3e6 CMakeFiles/NUCLEO-F767ZI-test.dir/Drivers/STM32F7xx_HAL_Driver/Src/stm32f7xx_hal.c.obj
                             0x100e0f (size before relaxing)
 .debug_str     0x0010709a      0xe20 CMakeFiles/NUCLEO-F767ZI-test.dir/Drivers/STM32F7xx_HAL_Driver/Src/stm32f7xx_hal_i2c.c.obj
                             0x1015e2 (size before relaxing)
 .debug_str     0x00107eba       0xbc CMakeFiles/NUCLEO-F767ZI-test.dir/Drivers/STM32F7xx_HAL_Driver/Src/stm32f7xx_hal_i2c_ex.c.obj
                             0x100861 (size before relaxing)
 .debug_str     0x00107f76     0x1205 CMakeFiles/NUCLEO-F767ZI-test.dir/Drivers/STM32F7xx_HAL_Driver/Src/stm32f7xx_hal_eth.c.obj
                             0x101bf0 (size before relaxing)
 .debug_str     0x0010917b      0x5b2 CMakeFiles/NUCLEO-F767ZI-test.dir/Drivers/STM32F7xx_HAL_Driver/Src/stm32f7xx_hal_spi.c.obj
                             0x100c0f (size before relaxing)
 .debug_str     0x0010972d      0xe08 CMakeFiles/NUCLEO-F767ZI-test.dir/Drivers/STM32F7xx_HAL_Driver/Src/stm32f7xx_hal_tim.c.obj
                             0x1016f2 (size before relaxing)
 .debug_str     0x0010a535      0x4d3 CMakeFiles/NUCLEO-F767ZI-test.dir/Drivers/STM32F7xx_HAL_Driver/Src/stm32f7xx_hal_tim_ex.c.obj
                             0x100ff8 (size before relaxing)
 .debug_str     0x0010aa08      0x874 CMakeFiles/NUCLEO-F767ZI-test.dir/Drivers/STM32F7xx_HAL_Driver/Src/stm32f7xx_hal_uart.c.obj
                             0x101098 (size before relaxing)
 .debug_str     0x0010b27c      0x855 CMakeFiles/NUCLEO-F767ZI-test.dir/Drivers/STM32F7xx_HAL_Driver/Src/stm32f7xx_hal_pcd.c.obj
                             0x100e08 (size before relaxing)
 .debug_str     0x0010bad1      0x160 CMakeFiles/NUCLEO-F767ZI-test.dir/Drivers/STM32F7xx_HAL_Driver/Src/stm32f7xx_hal_pcd_ex.c.obj
                             0x10070a (size before relaxing)
 .debug_str     0x0010bc31      0x4de CMakeFiles/NUCLEO-F767ZI-test.dir/Drivers/STM32F7xx_HAL_Driver/Src/stm32f7xx_ll_usb.c.obj
                             0x100ce5 (size before relaxing)
 .debug_str     0x0010c10f       0x7d CMakeFiles/NUCLEO-F767ZI-test.dir/Core/Src/system_stm32f7xx.c.obj
                             0x1003cf (size before relaxing)
 .debug_str     0x0010c18c       0x68 CMakeFiles/NUCLEO-F767ZI-test.dir/startup_stm32f767xx.s.obj
                                 0xaa (size before relaxing)

.comment        0x00000000       0x43
 .comment       0x00000000       0x43 CMakeFiles/NUCLEO-F767ZI-test.dir/Core/Src/main.c.obj
                                 0x44 (size before relaxing)
 .comment       0x00000043       0x44 CMakeFiles/NUCLEO-F767ZI-test.dir/Core/Src/gpio.c.obj
 .comment       0x00000043       0x44 CMakeFiles/NUCLEO-F767ZI-test.dir/Core/Src/adc.c.obj
 .comment       0x00000043       0x44 CMakeFiles/NUCLEO-F767ZI-test.dir/Core/Src/eth.c.obj
 .comment       0x00000043       0x44 CMakeFiles/NUCLEO-F767ZI-test.dir/Core/Src/i2c.c.obj
 .comment       0x00000043       0x44 CMakeFiles/NUCLEO-F767ZI-test.dir/Core/Src/spi.c.obj
 .comment       0x00000043       0x44 CMakeFiles/NUCLEO-F767ZI-test.dir/Core/Src/tim.c.obj
 .comment       0x00000043       0x44 CMakeFiles/NUCLEO-F767ZI-test.dir/Core/Src/usart.c.obj
 .comment       0x00000043       0x44 CMakeFiles/NUCLEO-F767ZI-test.dir/Core/Src/usb_otg.c.obj
 .comment       0x00000043       0x44 CMakeFiles/NUCLEO-F767ZI-test.dir/Core/Src/stm32f7xx_it.c.obj
 .comment       0x00000043       0x44 CMakeFiles/NUCLEO-F767ZI-test.dir/Core/Src/stm32f7xx_hal_msp.c.obj
 .comment       0x00000043       0x44 CMakeFiles/NUCLEO-F767ZI-test.dir/Drivers/STM32F7xx_HAL_Driver/Src/stm32f7xx_hal_adc.c.obj
 .comment       0x00000043       0x44 CMakeFiles/NUCLEO-F767ZI-test.dir/Drivers/STM32F7xx_HAL_Driver/Src/stm32f7xx_hal_rcc.c.obj
 .comment       0x00000043       0x44 CMakeFiles/NUCLEO-F767ZI-test.dir/Drivers/STM32F7xx_HAL_Driver/Src/stm32f7xx_hal_rcc_ex.c.obj
 .comment       0x00000043       0x44 CMakeFiles/NUCLEO-F767ZI-test.dir/Drivers/STM32F7xx_HAL_Driver/Src/stm32f7xx_hal_gpio.c.obj
 .comment       0x00000043       0x44 CMakeFiles/NUCLEO-F767ZI-test.dir/Drivers/STM32F7xx_HAL_Driver/Src/stm32f7xx_hal_pwr.c.obj
 .comment       0x00000043       0x44 CMakeFiles/NUCLEO-F767ZI-test.dir/Drivers/STM32F7xx_HAL_Driver/Src/stm32f7xx_hal_pwr_ex.c.obj
 .comment       0x00000043       0x44 CMakeFiles/NUCLEO-F767ZI-test.dir/Drivers/STM32F7xx_HAL_Driver/Src/stm32f7xx_hal_cortex.c.obj
 .comment       0x00000043       0x44 CMakeFiles/NUCLEO-F767ZI-test.dir/Drivers/STM32F7xx_HAL_Driver/Src/stm32f7xx_hal.c.obj
 .comment       0x00000043       0x44 CMakeFiles/NUCLEO-F767ZI-test.dir/Drivers/STM32F7xx_HAL_Driver/Src/stm32f7xx_hal_i2c.c.obj
 .comment       0x00000043       0x44 CMakeFiles/NUCLEO-F767ZI-test.dir/Drivers/STM32F7xx_HAL_Driver/Src/stm32f7xx_hal_i2c_ex.c.obj
 .comment       0x00000043       0x44 CMakeFiles/NUCLEO-F767ZI-test.dir/Drivers/STM32F7xx_HAL_Driver/Src/stm32f7xx_hal_eth.c.obj
 .comment       0x00000043       0x44 CMakeFiles/NUCLEO-F767ZI-test.dir/Drivers/STM32F7xx_HAL_Driver/Src/stm32f7xx_hal_spi.c.obj
 .comment       0x00000043       0x44 CMakeFiles/NUCLEO-F767ZI-test.dir/Drivers/STM32F7xx_HAL_Driver/Src/stm32f7xx_hal_tim.c.obj
 .comment       0x00000043       0x44 CMakeFiles/NUCLEO-F767ZI-test.dir/Drivers/STM32F7xx_HAL_Driver/Src/stm32f7xx_hal_tim_ex.c.obj
 .comment       0x00000043       0x44 CMakeFiles/NUCLEO-F767ZI-test.dir/Drivers/STM32F7xx_HAL_Driver/Src/stm32f7xx_hal_uart.c.obj
 .comment       0x00000043       0x44 CMakeFiles/NUCLEO-F767ZI-test.dir/Drivers/STM32F7xx_HAL_Driver/Src/stm32f7xx_hal_pcd.c.obj
 .comment       0x00000043       0x44 CMakeFiles/NUCLEO-F767ZI-test.dir/Drivers/STM32F7xx_HAL_Driver/Src/stm32f7xx_hal_pcd_ex.c.obj
 .comment       0x00000043       0x44 CMakeFiles/NUCLEO-F767ZI-test.dir/Drivers/STM32F7xx_HAL_Driver/Src/stm32f7xx_ll_usb.c.obj
 .comment       0x00000043       0x44 CMakeFiles/NUCLEO-F767ZI-test.dir/Core/Src/system_stm32f7xx.c.obj

.debug_line_str
                0x00000000       0x8e
 .debug_line_str
                0x00000000       0x8e CMakeFiles/NUCLEO-F767ZI-test.dir/startup_stm32f767xx.s.obj